15:30:42 **** Build of project td_check_bsp ****
make -k all 
"Running Make include in ps7_cortexa9_0/libsrc/bram_v4_2/src"
make -C ps7_cortexa9_0/libsrc/bram_v4_2/src -s include  "SHELL=CMD" "COMPILER=arm-none-eabi-gcc" "ARCHIVER=arm-none-eabi-ar" "COMPILER_FLAGS=  -O2 -c" "EXTRA_COMPILER_FLAGS=-mcpu=cortex-a9 -mfpu=vfpv3 -mfloat-abi=hard -nostartfiles -g -Wall -Wextra"
"Running Make include in ps7_cortexa9_0/libsrc/coresightps_dcc_v1_4/src"
make -C ps7_cortexa9_0/libsrc/coresightps_dcc_v1_4/src -s include  "SHELL=CMD" "COMPILER=arm-none-eabi-gcc" "ARCHIVER=arm-none-eabi-ar" "COMPILER_FLAGS=  -O2 -c" "EXTRA_COMPILER_FLAGS=-mcpu=cortex-a9 -mfpu=vfpv3 -mfloat-abi=hard -nostartfiles -g -Wall -Wextra"
"Running Make include in ps7_cortexa9_0/libsrc/cpu_cortexa9_v2_7/src"
make -C ps7_cortexa9_0/libsrc/cpu_cortexa9_v2_7/src -s include  "SHELL=CMD" "COMPILER=arm-none-eabi-gcc" "ARCHIVER=arm-none-eabi-ar" "COMPILER_FLAGS=  -O2 -c" "EXTRA_COMPILER_FLAGS=-mcpu=cortex-a9 -mfpu=vfpv3 -mfloat-abi=hard -nostartfiles -g -Wall -Wextra"
"Running Make include in ps7_cortexa9_0/libsrc/ddrps_v1_0/src"
make -C ps7_cortexa9_0/libsrc/ddrps_v1_0/src -s include  "SHELL=CMD" "COMPILER=arm-none-eabi-gcc" "ARCHIVER=arm-none-eabi-ar" "COMPILER_FLAGS=  -O2 -c" "EXTRA_COMPILER_FLAGS=-mcpu=cortex-a9 -mfpu=vfpv3 -mfloat-abi=hard -nostartfiles -g -Wall -Wextra"
"Running Make include in ps7_cortexa9_0/libsrc/devcfg_v3_5/src"
make -C ps7_cortexa9_0/libsrc/devcfg_v3_5/src -s include  "SHELL=CMD" "COMPILER=arm-none-eabi-gcc" "ARCHIVER=arm-none-eabi-ar" "COMPILER_FLAGS=  -O2 -c" "EXTRA_COMPILER_FLAGS=-mcpu=cortex-a9 -mfpu=vfpv3 -mfloat-abi=hard -nostartfiles -g -Wall -Wextra"
"Running Make include in ps7_cortexa9_0/libsrc/dmaps_v2_4/src"
make -C ps7_cortexa9_0/libsrc/dmaps_v2_4/src -s include  "SHELL=CMD" "COMPILER=arm-none-eabi-gcc" "ARCHIVER=arm-none-eabi-ar" "COMPILER_FLAGS=  -O2 -c" "EXTRA_COMPILER_FLAGS=-mcpu=cortex-a9 -mfpu=vfpv3 -mfloat-abi=hard -nostartfiles -g -Wall -Wextra"
"Running Make include in ps7_cortexa9_0/libsrc/gpio_v4_3/src"
make -C ps7_cortexa9_0/libsrc/gpio_v4_3/src -s include  "SHELL=CMD" "COMPILER=arm-none-eabi-gcc" "ARCHIVER=arm-none-eabi-ar" "COMPILER_FLAGS=  -O2 -c" "EXTRA_COMPILER_FLAGS=-mcpu=cortex-a9 -mfpu=vfpv3 -mfloat-abi=hard -nostartfiles -g -Wall -Wextra"
"Running Make include in ps7_cortexa9_0/libsrc/qspips_v3_5/src"
make -C ps7_cortexa9_0/libsrc/qspips_v3_5/src -s include  "SHELL=CMD" "COMPILER=arm-none-eabi-gcc" "ARCHIVER=arm-none-eabi-ar" "COMPILER_FLAGS=  -O2 -c" "EXTRA_COMPILER_FLAGS=-mcpu=cortex-a9 -mfpu=vfpv3 -mfloat-abi=hard -nostartfiles -g -Wall -Wextra"
"Running Make include in ps7_cortexa9_0/libsrc/scugic_v3_10/src"
make -C ps7_cortexa9_0/libsrc/scugic_v3_10/src -s include  "SHELL=CMD" "COMPILER=arm-none-eabi-gcc" "ARCHIVER=arm-none-eabi-ar" "COMPILER_FLAGS=  -O2 -c" "EXTRA_COMPILER_FLAGS=-mcpu=cortex-a9 -mfpu=vfpv3 -mfloat-abi=hard -nostartfiles -g -Wall -Wextra"
"Running Make include in ps7_cortexa9_0/libsrc/scutimer_v2_1/src"
make -C ps7_cortexa9_0/libsrc/scutimer_v2_1/src -s include  "SHELL=CMD" "COMPILER=arm-none-eabi-gcc" "ARCHIVER=arm-none-eabi-ar" "COMPILER_FLAGS=  -O2 -c" "EXTRA_COMPILER_FLAGS=-mcpu=cortex-a9 -mfpu=vfpv3 -mfloat-abi=hard -nostartfiles -g -Wall -Wextra"
"Running Make include in ps7_cortexa9_0/libsrc/scuwdt_v2_1/src"
make -C ps7_cortexa9_0/libsrc/scuwdt_v2_1/src -s include  "SHELL=CMD" "COMPILER=arm-none-eabi-gcc" "ARCHIVER=arm-none-eabi-ar" "COMPILER_FLAGS=  -O2 -c" "EXTRA_COMPILER_FLAGS=-mcpu=cortex-a9 -mfpu=vfpv3 -mfloat-abi=hard -nostartfiles -g -Wall -Wextra"
"Running Make include in ps7_cortexa9_0/libsrc/standalone_v6_8/src"
make -C ps7_cortexa9_0/libsrc/standalone_v6_8/src -s include  "SHELL=CMD" "COMPILER=arm-none-eabi-gcc" "ARCHIVER=arm-none-eabi-ar" "COMPILER_FLAGS=  -O2 -c" "EXTRA_COMPILER_FLAGS=-mcpu=cortex-a9 -mfpu=vfpv3 -mfloat-abi=hard -nostartfiles -g -Wall -Wextra"
"Running Make include in ps7_cortexa9_0/libsrc/uartps_v3_7/src"
make -C ps7_cortexa9_0/libsrc/uartps_v3_7/src -s include  "SHELL=CMD" "COMPILER=arm-none-eabi-gcc" "ARCHIVER=arm-none-eabi-ar" "COMPILER_FLAGS=  -O2 -c" "EXTRA_COMPILER_FLAGS=-mcpu=cortex-a9 -mfpu=vfpv3 -mfloat-abi=hard -nostartfiles -g -Wall -Wextra"
"Running Make include in ps7_cortexa9_0/libsrc/xadcps_v2_3/src"
make -C ps7_cortexa9_0/libsrc/xadcps_v2_3/src -s include  "SHELL=CMD" "COMPILER=arm-none-eabi-gcc" "ARCHIVER=arm-none-eabi-ar" "COMPILER_FLAGS=  -O2 -c" "EXTRA_COMPILER_FLAGS=-mcpu=cortex-a9 -mfpu=vfpv3 -mfloat-abi=hard -nostartfiles -g -Wall -Wextra"
"Running Make libs in ps7_cortexa9_0/libsrc/bram_v4_2/src"
make -C ps7_cortexa9_0/libsrc/bram_v4_2/src -s libs  "SHELL=CMD" "COMPILER=arm-none-eabi-gcc" "ARCHIVER=arm-none-eabi-ar" "COMPILER_FLAGS=  -O2 -c" "EXTRA_COMPILER_FLAGS=-mcpu=cortex-a9 -mfpu=vfpv3 -mfloat-abi=hard -nostartfiles -g -Wall -Wextra"
"Compiling bram"
arm-none-eabi-ar: creating ../../../lib/libxil.a
"Running Make libs in ps7_cortexa9_0/libsrc/coresightps_dcc_v1_4/src"
make -C ps7_cortexa9_0/libsrc/coresightps_dcc_v1_4/src -s libs  "SHELL=CMD" "COMPILER=arm-none-eabi-gcc" "ARCHIVER=arm-none-eabi-ar" "COMPILER_FLAGS=  -O2 -c" "EXTRA_COMPILER_FLAGS=-mcpu=cortex-a9 -mfpu=vfpv3 -mfloat-abi=hard -nostartfiles -g -Wall -Wextra"
"Compiling coresightps_dcc"
"Running Make libs in ps7_cortexa9_0/libsrc/cpu_cortexa9_v2_7/src"
make -C ps7_cortexa9_0/libsrc/cpu_cortexa9_v2_7/src -s libs  "SHELL=CMD" "COMPILER=arm-none-eabi-gcc" "ARCHIVER=arm-none-eabi-ar" "COMPILER_FLAGS=  -O2 -c" "EXTRA_COMPILER_FLAGS=-mcpu=cortex-a9 -mfpu=vfpv3 -mfloat-abi=hard -nostartfiles -g -Wall -Wextra"
"Compiling cpu_cortexa9"
"Running Make libs in ps7_cortexa9_0/libsrc/ddrps_v1_0/src"
make -C ps7_cortexa9_0/libsrc/ddrps_v1_0/src -s libs  "SHELL=CMD" "COMPILER=arm-none-eabi-gcc" "ARCHIVER=arm-none-eabi-ar" "COMPILER_FLAGS=  -O2 -c" "EXTRA_COMPILER_FLAGS=-mcpu=cortex-a9 -mfpu=vfpv3 -mfloat-abi=hard -nostartfiles -g -Wall -Wextra"
"Compiling ddrps"
"Running Make libs in ps7_cortexa9_0/libsrc/devcfg_v3_5/src"
make -C ps7_cortexa9_0/libsrc/devcfg_v3_5/src -s libs  "SHELL=CMD" "COMPILER=arm-none-eabi-gcc" "ARCHIVER=arm-none-eabi-ar" "COMPILER_FLAGS=  -O2 -c" "EXTRA_COMPILER_FLAGS=-mcpu=cortex-a9 -mfpu=vfpv3 -mfloat-abi=hard -nostartfiles -g -Wall -Wextra"
"Compiling devcfg"
"Running Make libs in ps7_cortexa9_0/libsrc/dmaps_v2_4/src"
make -C ps7_cortexa9_0/libsrc/dmaps_v2_4/src -s libs  "SHELL=CMD" "COMPILER=arm-none-eabi-gcc" "ARCHIVER=arm-none-eabi-ar" "COMPILER_FLAGS=  -O2 -c" "EXTRA_COMPILER_FLAGS=-mcpu=cortex-a9 -mfpu=vfpv3 -mfloat-abi=hard -nostartfiles -g -Wall -Wextra"
"Compiling dmaps"
"Running Make libs in ps7_cortexa9_0/libsrc/gpio_v4_3/src"
make -C ps7_cortexa9_0/libsrc/gpio_v4_3/src -s libs  "SHELL=CMD" "COMPILER=arm-none-eabi-gcc" "ARCHIVER=arm-none-eabi-ar" "COMPILER_FLAGS=  -O2 -c" "EXTRA_COMPILER_FLAGS=-mcpu=cortex-a9 -mfpu=vfpv3 -mfloat-abi=hard -nostartfiles -g -Wall -Wextra"
"Compiling gpio"
"Running Make libs in ps7_cortexa9_0/libsrc/qspips_v3_5/src"
make -C ps7_cortexa9_0/libsrc/qspips_v3_5/src -s libs  "SHELL=CMD" "COMPILER=arm-none-eabi-gcc" "ARCHIVER=arm-none-eabi-ar" "COMPILER_FLAGS=  -O2 -c" "EXTRA_COMPILER_FLAGS=-mcpu=cortex-a9 -mfpu=vfpv3 -mfloat-abi=hard -nostartfiles -g -Wall -Wextra"
"Compiling qspips"
"Running Make libs in ps7_cortexa9_0/libsrc/scugic_v3_10/src"
make -C ps7_cortexa9_0/libsrc/scugic_v3_10/src -s libs  "SHELL=CMD" "COMPILER=arm-none-eabi-gcc" "ARCHIVER=arm-none-eabi-ar" "COMPILER_FLAGS=  -O2 -c" "EXTRA_COMPILER_FLAGS=-mcpu=cortex-a9 -mfpu=vfpv3 -mfloat-abi=hard -nostartfiles -g -Wall -Wextra"
"Compiling scugic"
"Running Make libs in ps7_cortexa9_0/libsrc/scutimer_v2_1/src"
make -C ps7_cortexa9_0/libsrc/scutimer_v2_1/src -s libs  "SHELL=CMD" "COMPILER=arm-none-eabi-gcc" "ARCHIVER=arm-none-eabi-ar" "COMPILER_FLAGS=  -O2 -c" "EXTRA_COMPILER_FLAGS=-mcpu=cortex-a9 -mfpu=vfpv3 -mfloat-abi=hard -nostartfiles -g -Wall -Wextra"
"Compiling scutimer"
"Running Make libs in ps7_cortexa9_0/libsrc/scuwdt_v2_1/src"
make -C ps7_cortexa9_0/libsrc/scuwdt_v2_1/src -s libs  "SHELL=CMD" "COMPILER=arm-none-eabi-gcc" "ARCHIVER=arm-none-eabi-ar" "COMPILER_FLAGS=  -O2 -c" "EXTRA_COMPILER_FLAGS=-mcpu=cortex-a9 -mfpu=vfpv3 -mfloat-abi=hard -nostartfiles -g -Wall -Wextra"
"Compiling scuwdt"
"Running Make libs in ps7_cortexa9_0/libsrc/standalone_v6_8/src"
make -C ps7_cortexa9_0/libsrc/standalone_v6_8/src -s libs  "SHELL=CMD" "COMPILER=arm-none-eabi-gcc" "ARCHIVER=arm-none-eabi-ar" "COMPILER_FLAGS=  -O2 -c" "EXTRA_COMPILER_FLAGS=-mcpu=cortex-a9 -mfpu=vfpv3 -mfloat-abi=hard -nostartfiles -g -Wall -Wextra"
"Compiling standalone"
In file included from usleep.c:56:0:
xtime_l.h:87:9: note: #pragma message: For the sleep routines, Global timer is being used
 #pragma message ("For the sleep routines, Global timer is being used")
         ^~~~~~~
In file included from xil_sleeptimer.c:51:0:
xtime_l.h:87:9: note: #pragma message: For the sleep routines, Global timer is being used
 #pragma message ("For the sleep routines, Global timer is being used")
         ^~~~~~~
In file included from xtime_l.c:49:0:
xtime_l.h:87:9: note: #pragma message: For the sleep routines, Global timer is being used
 #pragma message ("For the sleep routines, Global timer is being used")
         ^~~~~~~
In file included from sleep.c:53:0:
xtime_l.h:87:9: note: #pragma message: For the sleep routines, Global timer is being used
 #pragma message ("For the sleep routines, Global timer is being used")
         ^~~~~~~
"Running Make libs in ps7_cortexa9_0/libsrc/uartps_v3_7/src"
make -C ps7_cortexa9_0/libsrc/uartps_v3_7/src -s libs  "SHELL=CMD" "COMPILER=arm-none-eabi-gcc" "ARCHIVER=arm-none-eabi-ar" "COMPILER_FLAGS=  -O2 -c" "EXTRA_COMPILER_FLAGS=-mcpu=cortex-a9 -mfpu=vfpv3 -mfloat-abi=hard -nostartfiles -g -Wall -Wextra"
"Compiling uartps"
"Running Make libs in ps7_cortexa9_0/libsrc/xadcps_v2_3/src"
make -C ps7_cortexa9_0/libsrc/xadcps_v2_3/src -s libs  "SHELL=CMD" "COMPILER=arm-none-eabi-gcc" "ARCHIVER=arm-none-eabi-ar" "COMPILER_FLAGS=  -O2 -c" "EXTRA_COMPILER_FLAGS=-mcpu=cortex-a9 -mfpu=vfpv3 -mfloat-abi=hard -nostartfiles -g -Wall -Wextra"
"Compiling xadcps"
'Finished building libraries'
15:30:58 **** Build of configuration Debug for project td_check ****
make pre-build main-build 
a9-linaro-pre-build-step
' '
make: *** No rule to make target 'src/helloworld.o', needed by 'td_check.elf'.  Stop.
15:31:31 **** Clean-only build of configuration Debug for project td_check ****
make clean 
rm -rf  ./src/helloworld.o ./src/platform.o  ./src/helloworld.d ./src/platform.d  td_check.elf.size  td_check.elf
' '
15:31:31 **** Auto Build of configuration Debug for project td_check ****
make pre-build main-build 
a9-linaro-pre-build-step
' '
'Building file: ../src/common.c'
'Invoking: ARM v7 gcc compiler'
arm-none-eabi-gcc -Wall -O0 -g3 -I../../td_check_bsp/ps7_cortexa9_0/include -I"D:\206\temp\1553_rt_v0322-fc-0089\prj\td_check_v0.1\td_check_v0.1.sdk\td_check\src" -c -fmessage-length=0 -MT"src/common.o" -mcpu=cortex-a9 -mfpu=vfpv3 -mfloat-abi=hard -MMD -MP -MF"src/common.d" -MT"src/common.o" -o "src/common.o" "../src/common.c"
'Finished building: ../src/common.c'
' '
'Building file: ../src/irqconfig.c'
'Invoking: ARM v7 gcc compiler'
arm-none-eabi-gcc -Wall -O0 -g3 -I../../td_check_bsp/ps7_cortexa9_0/include -I"D:\206\temp\1553_rt_v0322-fc-0089\prj\td_check_v0.1\td_check_v0.1.sdk\td_check\src" -c -fmessage-length=0 -MT"src/irqconfig.o" -mcpu=cortex-a9 -mfpu=vfpv3 -mfloat-abi=hard -MMD -MP -MF"src/irqconfig.d" -MT"src/irqconfig.o" -o "src/irqconfig.o" "../src/irqconfig.c"
'Finished building: ../src/irqconfig.c'
' '
'Building file: ../src/ls1553.c'
'Invoking: ARM v7 gcc compiler'
arm-none-eabi-gcc -Wall -O0 -g3 -I../../td_check_bsp/ps7_cortexa9_0/include -I"D:\206\temp\1553_rt_v0322-fc-0089\prj\td_check_v0.1\td_check_v0.1.sdk\td_check\src" -c -fmessage-length=0 -MT"src/ls1553.o" -mcpu=cortex-a9 -mfpu=vfpv3 -mfloat-abi=hard -MMD -MP -MF"src/ls1553.d" -MT"src/ls1553.o" -o "src/ls1553.o" "../src/ls1553.c"
'Finished building: ../src/ls1553.c'
' '
'Building file: ../src/main.c'
'Invoking: ARM v7 gcc compiler'
arm-none-eabi-gcc -Wall -O0 -g3 -I../../td_check_bsp/ps7_cortexa9_0/include -I"D:\206\temp\1553_rt_v0322-fc-0089\prj\td_check_v0.1\td_check_v0.1.sdk\td_check\src" -c -fmessage-length=0 -MT"src/main.o" -mcpu=cortex-a9 -mfpu=vfpv3 -mfloat-abi=hard -MMD -MP -MF"src/main.d" -MT"src/main.o" -o "src/main.o" "../src/main.c"
'Finished building: ../src/main.c'
' '
'Building file: ../src/platform.c'
'Invoking: ARM v7 gcc compiler'
arm-none-eabi-gcc -Wall -O0 -g3 -I../../td_check_bsp/ps7_cortexa9_0/include -I"D:\206\temp\1553_rt_v0322-fc-0089\prj\td_check_v0.1\td_check_v0.1.sdk\td_check\src" -c -fmessage-length=0 -MT"src/platform.o" -mcpu=cortex-a9 -mfpu=vfpv3 -mfloat-abi=hard -MMD -MP -MF"src/platform.d" -MT"src/platform.o" -o "src/platform.o" "../src/platform.c"
'Finished building: ../src/platform.c'
' '
'Building file: ../src/timerInit.c'
'Invoking: ARM v7 gcc compiler'
arm-none-eabi-gcc -Wall -O0 -g3 -I../../td_check_bsp/ps7_cortexa9_0/include -I"D:\206\temp\1553_rt_v0322-fc-0089\prj\td_check_v0.1\td_check_v0.1.sdk\td_check\src" -c -fmessage-length=0 -MT"src/timerInit.o" -mcpu=cortex-a9 -mfpu=vfpv3 -mfloat-abi=hard -MMD -MP -MF"src/timerInit.d" -MT"src/timerInit.o" -o "src/timerInit.o" "../src/timerInit.c"
'Finished building: ../src/timerInit.c'
' '
'Building target: td_check.elf'
'Invoking: ARM v7 gcc linker'
arm-none-eabi-gcc -L../../td_check_bsp/ps7_cortexa9_0/lib -mcpu=cortex-a9 -mfpu=vfpv3 -mfloat-abi=hard -Wl,-build-id=none -specs=Xilinx.spec -Wl,-T -Wl,../src/lscript.ld -o "td_check.elf"  ./src/common.o ./src/irqconfig.o ./src/ls1553.o ./src/main.o ./src/platform.o ./src/timerInit.o   -l-Wl,--start-group,-lxil,-lgcc,-lc,--end-group
c:/xilinx/sdk/2018.3/gnu/aarch32/nt/gcc-arm-none-eabi/bin/../lib/gcc/arm-none-eabi/7.3.1/../../../../arm-none-eabi/bin/ld.exe: cannot find -l-Wl,--start-group,-lxil,-lgcc,-lc,--end-group
collect2.exe: error: ld returned 1 exit status
make: *** [makefile:41: td_check.elf] Error 1
15:31:34 **** Clean-only build of configuration Debug for project td_check ****
make clean 
rm -rf  ./src/common.o ./src/irqconfig.o ./src/ls1553.o ./src/main.o ./src/platform.o ./src/timerInit.o  ./src/common.d ./src/irqconfig.d ./src/ls1553.d ./src/main.d ./src/platform.d ./src/timerInit.d  td_check.elf.size  td_check.elf
' '
15:31:34 **** Auto Build of configuration Debug for project td_check ****
make pre-build main-build 
a9-linaro-pre-build-step
' '
'Building file: ../src/common.c'
'Invoking: ARM v7 gcc compiler'
arm-none-eabi-gcc -Wall -O0 -g3 -I../../td_check_bsp/ps7_cortexa9_0/include -I"D:\206\temp\1553_rt_v0322-fc-0089\prj\td_check_v0.1\td_check_v0.1.sdk\td_check\src" -c -fmessage-length=0 -MT"src/common.o" -mcpu=cortex-a9 -mfpu=vfpv3 -mfloat-abi=hard -MMD -MP -MF"src/common.d" -MT"src/common.o" -o "src/common.o" "../src/common.c"
'Finished building: ../src/common.c'
' '
'Building file: ../src/irqconfig.c'
'Invoking: ARM v7 gcc compiler'
arm-none-eabi-gcc -Wall -O0 -g3 -I../../td_check_bsp/ps7_cortexa9_0/include -I"D:\206\temp\1553_rt_v0322-fc-0089\prj\td_check_v0.1\td_check_v0.1.sdk\td_check\src" -c -fmessage-length=0 -MT"src/irqconfig.o" -mcpu=cortex-a9 -mfpu=vfpv3 -mfloat-abi=hard -MMD -MP -MF"src/irqconfig.d" -MT"src/irqconfig.o" -o "src/irqconfig.o" "../src/irqconfig.c"
'Finished building: ../src/irqconfig.c'
' '
'Building file: ../src/ls1553.c'
'Invoking: ARM v7 gcc compiler'
arm-none-eabi-gcc -Wall -O0 -g3 -I../../td_check_bsp/ps7_cortexa9_0/include -I"D:\206\temp\1553_rt_v0322-fc-0089\prj\td_check_v0.1\td_check_v0.1.sdk\td_check\src" -c -fmessage-length=0 -MT"src/ls1553.o" -mcpu=cortex-a9 -mfpu=vfpv3 -mfloat-abi=hard -MMD -MP -MF"src/ls1553.d" -MT"src/ls1553.o" -o "src/ls1553.o" "../src/ls1553.c"
'Finished building: ../src/ls1553.c'
' '
'Building file: ../src/main.c'
'Invoking: ARM v7 gcc compiler'
arm-none-eabi-gcc -Wall -O0 -g3 -I../../td_check_bsp/ps7_cortexa9_0/include -I"D:\206\temp\1553_rt_v0322-fc-0089\prj\td_check_v0.1\td_check_v0.1.sdk\td_check\src" -c -fmessage-length=0 -MT"src/main.o" -mcpu=cortex-a9 -mfpu=vfpv3 -mfloat-abi=hard -MMD -MP -MF"src/main.d" -MT"src/main.o" -o "src/main.o" "../src/main.c"
'Finished building: ../src/main.c'
' '
'Building file: ../src/platform.c'
'Invoking: ARM v7 gcc compiler'
arm-none-eabi-gcc -Wall -O0 -g3 -I../../td_check_bsp/ps7_cortexa9_0/include -I"D:\206\temp\1553_rt_v0322-fc-0089\prj\td_check_v0.1\td_check_v0.1.sdk\td_check\src" -c -fmessage-length=0 -MT"src/platform.o" -mcpu=cortex-a9 -mfpu=vfpv3 -mfloat-abi=hard -MMD -MP -MF"src/platform.d" -MT"src/platform.o" -o "src/platform.o" "../src/platform.c"
'Finished building: ../src/platform.c'
' '
'Building file: ../src/timerInit.c'
'Invoking: ARM v7 gcc compiler'
arm-none-eabi-gcc -Wall -O0 -g3 -I../../td_check_bsp/ps7_cortexa9_0/include -I"D:\206\temp\1553_rt_v0322-fc-0089\prj\td_check_v0.1\td_check_v0.1.sdk\td_check\src" -c -fmessage-length=0 -MT"src/timerInit.o" -mcpu=cortex-a9 -mfpu=vfpv3 -mfloat-abi=hard -MMD -MP -MF"src/timerInit.d" -MT"src/timerInit.o" -o "src/timerInit.o" "../src/timerInit.c"
'Finished building: ../src/timerInit.c'
' '
'Building target: td_check.elf'
'Invoking: ARM v7 gcc linker'
arm-none-eabi-gcc -mcpu=cortex-a9 -mfpu=vfpv3 -mfloat-abi=hard -Wl,-build-id=none -specs=Xilinx.spec -Wl,-T -Wl,../src/lscript.ld -L../../td_check_bsp/ps7_cortexa9_0/lib -o "td_check.elf"  ./src/common.o ./src/irqconfig.o ./src/ls1553.o ./src/main.o ./src/platform.o ./src/timerInit.o   -Wl,--start-group,-lxil,-lgcc,-lc,--end-group
'Finished building target: td_check.elf'
' '
'Invoking: ARM v7 Print Size'
arm-none-eabi-size td_check.elf  |tee "td_check.elf.size"
   text	   data	    bss	    dec	    hex	filename
  90996	   3360	  25024	 119380	  1d254	td_check.elf
'Finished building: td_check.elf.size'
' '
15:31:40 **** Incremental Build of configuration Debug for project td_check ****
make pre-build main-build 
a9-linaro-pre-build-step
' '
make: Nothing to be done for 'main-build'.
02:26:16 **** Auto Build of project td_check_bsp ****
make -k all 
"Running Make include in ps7_cortexa9_0/libsrc/bram_v4_2/src"
make -C ps7_cortexa9_0/libsrc/bram_v4_2/src -s include  "SHELL=CMD" "COMPILER=arm-none-eabi-gcc" "ARCHIVER=arm-none-eabi-ar" "COMPILER_FLAGS=  -O2 -c" "EXTRA_COMPILER_FLAGS=-mcpu=cortex-a9 -mfpu=vfpv3 -mfloat-abi=hard -nostartfiles -g -Wall -Wextra"
"Running Make include in ps7_cortexa9_0/libsrc/coresightps_dcc_v1_4/src"
make -C ps7_cortexa9_0/libsrc/coresightps_dcc_v1_4/src -s include  "SHELL=CMD" "COMPILER=arm-none-eabi-gcc" "ARCHIVER=arm-none-eabi-ar" "COMPILER_FLAGS=  -O2 -c" "EXTRA_COMPILER_FLAGS=-mcpu=cortex-a9 -mfpu=vfpv3 -mfloat-abi=hard -nostartfiles -g -Wall -Wextra"
"Running Make include in ps7_cortexa9_0/libsrc/cpu_cortexa9_v2_7/src"
make -C ps7_cortexa9_0/libsrc/cpu_cortexa9_v2_7/src -s include  "SHELL=CMD" "COMPILER=arm-none-eabi-gcc" "ARCHIVER=arm-none-eabi-ar" "COMPILER_FLAGS=  -O2 -c" "EXTRA_COMPILER_FLAGS=-mcpu=cortex-a9 -mfpu=vfpv3 -mfloat-abi=hard -nostartfiles -g -Wall -Wextra"
"Running Make include in ps7_cortexa9_0/libsrc/ddrps_v1_0/src"
make -C ps7_cortexa9_0/libsrc/ddrps_v1_0/src -s include  "SHELL=CMD" "COMPILER=arm-none-eabi-gcc" "ARCHIVER=arm-none-eabi-ar" "COMPILER_FLAGS=  -O2 -c" "EXTRA_COMPILER_FLAGS=-mcpu=cortex-a9 -mfpu=vfpv3 -mfloat-abi=hard -nostartfiles -g -Wall -Wextra"
"Running Make include in ps7_cortexa9_0/libsrc/devcfg_v3_5/src"
make -C ps7_cortexa9_0/libsrc/devcfg_v3_5/src -s include  "SHELL=CMD" "COMPILER=arm-none-eabi-gcc" "ARCHIVER=arm-none-eabi-ar" "COMPILER_FLAGS=  -O2 -c" "EXTRA_COMPILER_FLAGS=-mcpu=cortex-a9 -mfpu=vfpv3 -mfloat-abi=hard -nostartfiles -g -Wall -Wextra"
"Running Make include in ps7_cortexa9_0/libsrc/dmaps_v2_4/src"
make -C ps7_cortexa9_0/libsrc/dmaps_v2_4/src -s include  "SHELL=CMD" "COMPILER=arm-none-eabi-gcc" "ARCHIVER=arm-none-eabi-ar" "COMPILER_FLAGS=  -O2 -c" "EXTRA_COMPILER_FLAGS=-mcpu=cortex-a9 -mfpu=vfpv3 -mfloat-abi=hard -nostartfiles -g -Wall -Wextra"
"Running Make include in ps7_cortexa9_0/libsrc/gpio_v4_3/src"
make -C ps7_cortexa9_0/libsrc/gpio_v4_3/src -s include  "SHELL=CMD" "COMPILER=arm-none-eabi-gcc" "ARCHIVER=arm-none-eabi-ar" "COMPILER_FLAGS=  -O2 -c" "EXTRA_COMPILER_FLAGS=-mcpu=cortex-a9 -mfpu=vfpv3 -mfloat-abi=hard -nostartfiles -g -Wall -Wextra"
"Running Make include in ps7_cortexa9_0/libsrc/qspips_v3_5/src"
make -C ps7_cortexa9_0/libsrc/qspips_v3_5/src -s include  "SHELL=CMD" "COMPILER=arm-none-eabi-gcc" "ARCHIVER=arm-none-eabi-ar" "COMPILER_FLAGS=  -O2 -c" "EXTRA_COMPILER_FLAGS=-mcpu=cortex-a9 -mfpu=vfpv3 -mfloat-abi=hard -nostartfiles -g -Wall -Wextra"
"Running Make include in ps7_cortexa9_0/libsrc/scugic_v3_10/src"
make -C ps7_cortexa9_0/libsrc/scugic_v3_10/src -s include  "SHELL=CMD" "COMPILER=arm-none-eabi-gcc" "ARCHIVER=arm-none-eabi-ar" "COMPILER_FLAGS=  -O2 -c" "EXTRA_COMPILER_FLAGS=-mcpu=cortex-a9 -mfpu=vfpv3 -mfloat-abi=hard -nostartfiles -g -Wall -Wextra"
"Running Make include in ps7_cortexa9_0/libsrc/scutimer_v2_1/src"
make -C ps7_cortexa9_0/libsrc/scutimer_v2_1/src -s include  "SHELL=CMD" "COMPILER=arm-none-eabi-gcc" "ARCHIVER=arm-none-eabi-ar" "COMPILER_FLAGS=  -O2 -c" "EXTRA_COMPILER_FLAGS=-mcpu=cortex-a9 -mfpu=vfpv3 -mfloat-abi=hard -nostartfiles -g -Wall -Wextra"
"Running Make include in ps7_cortexa9_0/libsrc/scuwdt_v2_1/src"
make -C ps7_cortexa9_0/libsrc/scuwdt_v2_1/src -s include  "SHELL=CMD" "COMPILER=arm-none-eabi-gcc" "ARCHIVER=arm-none-eabi-ar" "COMPILER_FLAGS=  -O2 -c" "EXTRA_COMPILER_FLAGS=-mcpu=cortex-a9 -mfpu=vfpv3 -mfloat-abi=hard -nostartfiles -g -Wall -Wextra"
"Running Make include in ps7_cortexa9_0/libsrc/standalone_v6_8/src"
make -C ps7_cortexa9_0/libsrc/standalone_v6_8/src -s include  "SHELL=CMD" "COMPILER=arm-none-eabi-gcc" "ARCHIVER=arm-none-eabi-ar" "COMPILER_FLAGS=  -O2 -c" "EXTRA_COMPILER_FLAGS=-mcpu=cortex-a9 -mfpu=vfpv3 -mfloat-abi=hard -nostartfiles -g -Wall -Wextra"
"Running Make include in ps7_cortexa9_0/libsrc/uartps_v3_7/src"
make -C ps7_cortexa9_0/libsrc/uartps_v3_7/src -s include  "SHELL=CMD" "COMPILER=arm-none-eabi-gcc" "ARCHIVER=arm-none-eabi-ar" "COMPILER_FLAGS=  -O2 -c" "EXTRA_COMPILER_FLAGS=-mcpu=cortex-a9 -mfpu=vfpv3 -mfloat-abi=hard -nostartfiles -g -Wall -Wextra"
"Running Make include in ps7_cortexa9_0/libsrc/xadcps_v2_3/src"
make -C ps7_cortexa9_0/libsrc/xadcps_v2_3/src -s include  "SHELL=CMD" "COMPILER=arm-none-eabi-gcc" "ARCHIVER=arm-none-eabi-ar" "COMPILER_FLAGS=  -O2 -c" "EXTRA_COMPILER_FLAGS=-mcpu=cortex-a9 -mfpu=vfpv3 -mfloat-abi=hard -nostartfiles -g -Wall -Wextra"
"Running Make libs in ps7_cortexa9_0/libsrc/bram_v4_2/src"
make -C ps7_cortexa9_0/libsrc/bram_v4_2/src -s libs  "SHELL=CMD" "COMPILER=arm-none-eabi-gcc" "ARCHIVER=arm-none-eabi-ar" "COMPILER_FLAGS=  -O2 -c" "EXTRA_COMPILER_FLAGS=-mcpu=cortex-a9 -mfpu=vfpv3 -mfloat-abi=hard -nostartfiles -g -Wall -Wextra"
"Compiling bram"
arm-none-eabi-ar: creating ../../../lib/libxil.a
"Running Make libs in ps7_cortexa9_0/libsrc/coresightps_dcc_v1_4/src"
make -C ps7_cortexa9_0/libsrc/coresightps_dcc_v1_4/src -s libs  "SHELL=CMD" "COMPILER=arm-none-eabi-gcc" "ARCHIVER=arm-none-eabi-ar" "COMPILER_FLAGS=  -O2 -c" "EXTRA_COMPILER_FLAGS=-mcpu=cortex-a9 -mfpu=vfpv3 -mfloat-abi=hard -nostartfiles -g -Wall -Wextra"
"Compiling coresightps_dcc"
"Running Make libs in ps7_cortexa9_0/libsrc/cpu_cortexa9_v2_7/src"
make -C ps7_cortexa9_0/libsrc/cpu_cortexa9_v2_7/src -s libs  "SHELL=CMD" "COMPILER=arm-none-eabi-gcc" "ARCHIVER=arm-none-eabi-ar" "COMPILER_FLAGS=  -O2 -c" "EXTRA_COMPILER_FLAGS=-mcpu=cortex-a9 -mfpu=vfpv3 -mfloat-abi=hard -nostartfiles -g -Wall -Wextra"
"Compiling cpu_cortexa9"
"Running Make libs in ps7_cortexa9_0/libsrc/ddrps_v1_0/src"
make -C ps7_cortexa9_0/libsrc/ddrps_v1_0/src -s libs  "SHELL=CMD" "COMPILER=arm-none-eabi-gcc" "ARCHIVER=arm-none-eabi-ar" "COMPILER_FLAGS=  -O2 -c" "EXTRA_COMPILER_FLAGS=-mcpu=cortex-a9 -mfpu=vfpv3 -mfloat-abi=hard -nostartfiles -g -Wall -Wextra"
"Compiling ddrps"
"Running Make libs in ps7_cortexa9_0/libsrc/devcfg_v3_5/src"
make -C ps7_cortexa9_0/libsrc/devcfg_v3_5/src -s libs  "SHELL=CMD" "COMPILER=arm-none-eabi-gcc" "ARCHIVER=arm-none-eabi-ar" "COMPILER_FLAGS=  -O2 -c" "EXTRA_COMPILER_FLAGS=-mcpu=cortex-a9 -mfpu=vfpv3 -mfloat-abi=hard -nostartfiles -g -Wall -Wextra"
"Compiling devcfg"
"Running Make libs in ps7_cortexa9_0/libsrc/dmaps_v2_4/src"
make -C ps7_cortexa9_0/libsrc/dmaps_v2_4/src -s libs  "SHELL=CMD" "COMPILER=arm-none-eabi-gcc" "ARCHIVER=arm-none-eabi-ar" "COMPILER_FLAGS=  -O2 -c" "EXTRA_COMPILER_FLAGS=-mcpu=cortex-a9 -mfpu=vfpv3 -mfloat-abi=hard -nostartfiles -g -Wall -Wextra"
"Compiling dmaps"
"Running Make libs in ps7_cortexa9_0/libsrc/gpio_v4_3/src"
make -C ps7_cortexa9_0/libsrc/gpio_v4_3/src -s libs  "SHELL=CMD" "COMPILER=arm-none-eabi-gcc" "ARCHIVER=arm-none-eabi-ar" "COMPILER_FLAGS=  -O2 -c" "EXTRA_COMPILER_FLAGS=-mcpu=cortex-a9 -mfpu=vfpv3 -mfloat-abi=hard -nostartfiles -g -Wall -Wextra"
"Compiling gpio"
"Running Make libs in ps7_cortexa9_0/libsrc/qspips_v3_5/src"
make -C ps7_cortexa9_0/libsrc/qspips_v3_5/src -s libs  "SHELL=CMD" "COMPILER=arm-none-eabi-gcc" "ARCHIVER=arm-none-eabi-ar" "COMPILER_FLAGS=  -O2 -c" "EXTRA_COMPILER_FLAGS=-mcpu=cortex-a9 -mfpu=vfpv3 -mfloat-abi=hard -nostartfiles -g -Wall -Wextra"
"Compiling qspips"
"Running Make libs in ps7_cortexa9_0/libsrc/scugic_v3_10/src"
make -C ps7_cortexa9_0/libsrc/scugic_v3_10/src -s libs  "SHELL=CMD" "COMPILER=arm-none-eabi-gcc" "ARCHIVER=arm-none-eabi-ar" "COMPILER_FLAGS=  -O2 -c" "EXTRA_COMPILER_FLAGS=-mcpu=cortex-a9 -mfpu=vfpv3 -mfloat-abi=hard -nostartfiles -g -Wall -Wextra"
"Compiling scugic"
"Running Make libs in ps7_cortexa9_0/libsrc/scutimer_v2_1/src"
make -C ps7_cortexa9_0/libsrc/scutimer_v2_1/src -s libs  "SHELL=CMD" "COMPILER=arm-none-eabi-gcc" "ARCHIVER=arm-none-eabi-ar" "COMPILER_FLAGS=  -O2 -c" "EXTRA_COMPILER_FLAGS=-mcpu=cortex-a9 -mfpu=vfpv3 -mfloat-abi=hard -nostartfiles -g -Wall -Wextra"
"Compiling scutimer"
"Running Make libs in ps7_cortexa9_0/libsrc/scuwdt_v2_1/src"
make -C ps7_cortexa9_0/libsrc/scuwdt_v2_1/src -s libs  "SHELL=CMD" "COMPILER=arm-none-eabi-gcc" "ARCHIVER=arm-none-eabi-ar" "COMPILER_FLAGS=  -O2 -c" "EXTRA_COMPILER_FLAGS=-mcpu=cortex-a9 -mfpu=vfpv3 -mfloat-abi=hard -nostartfiles -g -Wall -Wextra"
"Compiling scuwdt"
"Running Make libs in ps7_cortexa9_0/libsrc/standalone_v6_8/src"
make -C ps7_cortexa9_0/libsrc/standalone_v6_8/src -s libs  "SHELL=CMD" "COMPILER=arm-none-eabi-gcc" "ARCHIVER=arm-none-eabi-ar" "COMPILER_FLAGS=  -O2 -c" "EXTRA_COMPILER_FLAGS=-mcpu=cortex-a9 -mfpu=vfpv3 -mfloat-abi=hard -nostartfiles -g -Wall -Wextra"
"Compiling standalone"
In file included from usleep.c:56:0:
xtime_l.h:87:9: note: #pragma message: For the sleep routines, Global timer is being used
 #pragma message ("For the sleep routines, Global timer is being used")
         ^~~~~~~
In file included from xil_sleeptimer.c:51:0:
xtime_l.h:87:9: note: #pragma message: For the sleep routines, Global timer is being used
 #pragma message ("For the sleep routines, Global timer is being used")
         ^~~~~~~
In file included from xtime_l.c:49:0:
xtime_l.h:87:9: note: #pragma message: For the sleep routines, Global timer is being used
 #pragma message ("For the sleep routines, Global timer is being used")
         ^~~~~~~
In file included from sleep.c:53:0:
xtime_l.h:87:9: note: #pragma message: For the sleep routines, Global timer is being used
 #pragma message ("For the sleep routines, Global timer is being used")
         ^~~~~~~
"Running Make libs in ps7_cortexa9_0/libsrc/uartps_v3_7/src"
make -C ps7_cortexa9_0/libsrc/uartps_v3_7/src -s libs  "SHELL=CMD" "COMPILER=arm-none-eabi-gcc" "ARCHIVER=arm-none-eabi-ar" "COMPILER_FLAGS=  -O2 -c" "EXTRA_COMPILER_FLAGS=-mcpu=cortex-a9 -mfpu=vfpv3 -mfloat-abi=hard -nostartfiles -g -Wall -Wextra"
"Compiling uartps"
"Running Make libs in ps7_cortexa9_0/libsrc/xadcps_v2_3/src"
make -C ps7_cortexa9_0/libsrc/xadcps_v2_3/src -s libs  "SHELL=CMD" "COMPILER=arm-none-eabi-gcc" "ARCHIVER=arm-none-eabi-ar" "COMPILER_FLAGS=  -O2 -c" "EXTRA_COMPILER_FLAGS=-mcpu=cortex-a9 -mfpu=vfpv3 -mfloat-abi=hard -nostartfiles -g -Wall -Wextra"
"Compiling xadcps"
'Finished building libraries'
02:26:30 **** Auto Build of configuration Debug for project td_check ****
make pre-build main-build 
a9-linaro-pre-build-step
' '
'Building file: ../src/common.c'
'Invoking: ARM v7 gcc compiler'
arm-none-eabi-gcc -Wall -O0 -g3 -I../../td_check_bsp/ps7_cortexa9_0/include -I"D:\206\temp\1553_rt_v0329_0089\prj\td_check_v0.1\td_check_v0.1.sdk\td_check\src" -c -fmessage-length=0 -MT"src/common.o" -mcpu=cortex-a9 -mfpu=vfpv3 -mfloat-abi=hard -MMD -MP -MF"src/common.d" -MT"src/common.o" -o "src/common.o" "../src/common.c"
'Finished building: ../src/common.c'
' '
'Building file: ../src/irqconfig.c'
'Invoking: ARM v7 gcc compiler'
arm-none-eabi-gcc -Wall -O0 -g3 -I../../td_check_bsp/ps7_cortexa9_0/include -I"D:\206\temp\1553_rt_v0329_0089\prj\td_check_v0.1\td_check_v0.1.sdk\td_check\src" -c -fmessage-length=0 -MT"src/irqconfig.o" -mcpu=cortex-a9 -mfpu=vfpv3 -mfloat-abi=hard -MMD -MP -MF"src/irqconfig.d" -MT"src/irqconfig.o" -o "src/irqconfig.o" "../src/irqconfig.c"
'Finished building: ../src/irqconfig.c'
' '
'Building file: ../src/ls1553.c'
'Invoking: ARM v7 gcc compiler'
arm-none-eabi-gcc -Wall -O0 -g3 -I../../td_check_bsp/ps7_cortexa9_0/include -I"D:\206\temp\1553_rt_v0329_0089\prj\td_check_v0.1\td_check_v0.1.sdk\td_check\src" -c -fmessage-length=0 -MT"src/ls1553.o" -mcpu=cortex-a9 -mfpu=vfpv3 -mfloat-abi=hard -MMD -MP -MF"src/ls1553.d" -MT"src/ls1553.o" -o "src/ls1553.o" "../src/ls1553.c"
'Finished building: ../src/ls1553.c'
' '
'Building file: ../src/main.c'
'Invoking: ARM v7 gcc compiler'
arm-none-eabi-gcc -Wall -O0 -g3 -I../../td_check_bsp/ps7_cortexa9_0/include -I"D:\206\temp\1553_rt_v0329_0089\prj\td_check_v0.1\td_check_v0.1.sdk\td_check\src" -c -fmessage-length=0 -MT"src/main.o" -mcpu=cortex-a9 -mfpu=vfpv3 -mfloat-abi=hard -MMD -MP -MF"src/main.d" -MT"src/main.o" -o "src/main.o" "../src/main.c"
'Finished building: ../src/main.c'
' '
'Building file: ../src/platform.c'
'Invoking: ARM v7 gcc compiler'
arm-none-eabi-gcc -Wall -O0 -g3 -I../../td_check_bsp/ps7_cortexa9_0/include -I"D:\206\temp\1553_rt_v0329_0089\prj\td_check_v0.1\td_check_v0.1.sdk\td_check\src" -c -fmessage-length=0 -MT"src/platform.o" -mcpu=cortex-a9 -mfpu=vfpv3 -mfloat-abi=hard -MMD -MP -MF"src/platform.d" -MT"src/platform.o" -o "src/platform.o" "../src/platform.c"
In file included from ../../td_check_bsp/ps7_cortexa9_0/include/xscutimer.h:112:0,
                 from ../src/timerInit.h:11,
                 from ../src/platform.c:35:
../src/platform.c: In function 'init_platform':
../../td_check_bsp/ps7_cortexa9_0/include/xstatus.h:61:41: warning: 'return' with a value, in function returning void
 #define XST_FAILURE                     1L
                                         ^
../src/platform.c:112:16: note: in expansion of macro 'XST_FAILURE'
         return XST_FAILURE;
                ^~~~~~~~~~~
../src/platform.c:93:1: note: declared here
 init_platform()
 ^~~~~~~~~~~~~
'Finished building: ../src/platform.c'
' '
'Building file: ../src/timerInit.c'
'Invoking: ARM v7 gcc compiler'
arm-none-eabi-gcc -Wall -O0 -g3 -I../../td_check_bsp/ps7_cortexa9_0/include -I"D:\206\temp\1553_rt_v0329_0089\prj\td_check_v0.1\td_check_v0.1.sdk\td_check\src" -c -fmessage-length=0 -MT"src/timerInit.o" -mcpu=cortex-a9 -mfpu=vfpv3 -mfloat-abi=hard -MMD -MP -MF"src/timerInit.d" -MT"src/timerInit.o" -o "src/timerInit.o" "../src/timerInit.c"
'Finished building: ../src/timerInit.c'
' '
'Building target: td_check.elf'
'Invoking: ARM v7 gcc linker'
arm-none-eabi-gcc -mcpu=cortex-a9 -mfpu=vfpv3 -mfloat-abi=hard -Wl,-build-id=none -specs=Xilinx.spec -Wl,-T -Wl,../src/lscript.ld -L../../td_check_bsp/ps7_cortexa9_0/lib -o "td_check.elf"  ./src/common.o ./src/irqconfig.o ./src/ls1553.o ./src/main.o ./src/platform.o ./src/timerInit.o   -Wl,--start-group,-lxil,-lgcc,-lc,--end-group
./src/irqconfig.o: In function `irq_init':
D:\206\temp\1553_rt_v0329_0089\prj\td_check_v0.1\td_check_v0.1.sdk\td_check\Debug/../src/irqconfig.c:71: undefined reference to `uart_intr_handler'
D:\206\temp\1553_rt_v0329_0089\prj\td_check_v0.1\td_check_v0.1.sdk\td_check\Debug/../src/irqconfig.c:71: undefined reference to `uart_intr_handler'
./src/main.o: In function `main':
D:\206\temp\1553_rt_v0329_0089\prj\td_check_v0.1\td_check_v0.1.sdk\td_check\Debug/../src/main.c:37: undefined reference to `fc1553_Init'
D:\206\temp\1553_rt_v0329_0089\prj\td_check_v0.1\td_check_v0.1.sdk\td_check\Debug/../src/main.c:43: undefined reference to `uart_plEmioControl'
D:\206\temp\1553_rt_v0329_0089\prj\td_check_v0.1\td_check_v0.1.sdk\td_check\Debug/../src/main.c:52: undefined reference to `fc1553_Send'
D:\206\temp\1553_rt_v0329_0089\prj\td_check_v0.1\td_check_v0.1.sdk\td_check\Debug/../src/main.c:60: undefined reference to `fc1553_Recv'
./src/platform.o: In function `init_platform':
D:\206\temp\1553_rt_v0329_0089\prj\td_check_v0.1\td_check_v0.1.sdk\td_check\Debug/../src/platform.c:109: undefined reference to `uart_init'
collect2.exe: error: ld returned 1 exit status
make: *** [makefile:41: td_check.elf] Error 1
02:27:17 **** Clean-only build of configuration Debug for project td_check ****
make clean 
rm -rf  ./src/common.o ./src/irqconfig.o ./src/ls1553.o ./src/main.o ./src/platform.o ./src/timerInit.o  ./src/common.d ./src/irqconfig.d ./src/ls1553.d ./src/main.d ./src/platform.d ./src/timerInit.d  td_check.elf.size  td_check.elf
' '
02:27:17 **** Auto Build of configuration Debug for project td_check ****
make pre-build main-build 
a9-linaro-pre-build-step
' '
'Building file: ../src/common.c'
'Invoking: ARM v7 gcc compiler'
arm-none-eabi-gcc -Wall -O0 -g3 -I../../td_check_bsp/ps7_cortexa9_0/include -I"D:\206\temp\1553_rt_v0329_0089\prj\td_check_v0.1\td_check_v0.1.sdk\td_check\src" -c -fmessage-length=0 -MT"src/common.o" -mcpu=cortex-a9 -mfpu=vfpv3 -mfloat-abi=hard -MMD -MP -MF"src/common.d" -MT"src/common.o" -o "src/common.o" "../src/common.c"
'Finished building: ../src/common.c'
' '
'Building file: ../src/fc1553.c'
'Invoking: ARM v7 gcc compiler'
arm-none-eabi-gcc -Wall -O0 -g3 -I../../td_check_bsp/ps7_cortexa9_0/include -I"D:\206\temp\1553_rt_v0329_0089\prj\td_check_v0.1\td_check_v0.1.sdk\td_check\src" -c -fmessage-length=0 -MT"src/fc1553.o" -mcpu=cortex-a9 -mfpu=vfpv3 -mfloat-abi=hard -MMD -MP -MF"src/fc1553.d" -MT"src/fc1553.o" -o "src/fc1553.o" "../src/fc1553.c"
'Finished building: ../src/fc1553.c'
' '
'Building file: ../src/irqconfig.c'
'Invoking: ARM v7 gcc compiler'
arm-none-eabi-gcc -Wall -O0 -g3 -I../../td_check_bsp/ps7_cortexa9_0/include -I"D:\206\temp\1553_rt_v0329_0089\prj\td_check_v0.1\td_check_v0.1.sdk\td_check\src" -c -fmessage-length=0 -MT"src/irqconfig.o" -mcpu=cortex-a9 -mfpu=vfpv3 -mfloat-abi=hard -MMD -MP -MF"src/irqconfig.d" -MT"src/irqconfig.o" -o "src/irqconfig.o" "../src/irqconfig.c"
'Finished building: ../src/irqconfig.c'
' '
'Building file: ../src/ls1553.c'
'Invoking: ARM v7 gcc compiler'
arm-none-eabi-gcc -Wall -O0 -g3 -I../../td_check_bsp/ps7_cortexa9_0/include -I"D:\206\temp\1553_rt_v0329_0089\prj\td_check_v0.1\td_check_v0.1.sdk\td_check\src" -c -fmessage-length=0 -MT"src/ls1553.o" -mcpu=cortex-a9 -mfpu=vfpv3 -mfloat-abi=hard -MMD -MP -MF"src/ls1553.d" -MT"src/ls1553.o" -o "src/ls1553.o" "../src/ls1553.c"
'Finished building: ../src/ls1553.c'
' '
'Building file: ../src/main.c'
'Invoking: ARM v7 gcc compiler'
arm-none-eabi-gcc -Wall -O0 -g3 -I../../td_check_bsp/ps7_cortexa9_0/include -I"D:\206\temp\1553_rt_v0329_0089\prj\td_check_v0.1\td_check_v0.1.sdk\td_check\src" -c -fmessage-length=0 -MT"src/main.o" -mcpu=cortex-a9 -mfpu=vfpv3 -mfloat-abi=hard -MMD -MP -MF"src/main.d" -MT"src/main.o" -o "src/main.o" "../src/main.c"
'Finished building: ../src/main.c'
' '
'Building file: ../src/platform.c'
'Invoking: ARM v7 gcc compiler'
arm-none-eabi-gcc -Wall -O0 -g3 -I../../td_check_bsp/ps7_cortexa9_0/include -I"D:\206\temp\1553_rt_v0329_0089\prj\td_check_v0.1\td_check_v0.1.sdk\td_check\src" -c -fmessage-length=0 -MT"src/platform.o" -mcpu=cortex-a9 -mfpu=vfpv3 -mfloat-abi=hard -MMD -MP -MF"src/platform.d" -MT"src/platform.o" -o "src/platform.o" "../src/platform.c"
In file included from ../../td_check_bsp/ps7_cortexa9_0/include/xscutimer.h:112:0,
                 from ../src/timerInit.h:11,
                 from ../src/platform.c:35:
../src/platform.c: In function 'init_platform':
../../td_check_bsp/ps7_cortexa9_0/include/xstatus.h:61:41: warning: 'return' with a value, in function returning void
 #define XST_FAILURE                     1L
                                         ^
../src/platform.c:112:16: note: in expansion of macro 'XST_FAILURE'
         return XST_FAILURE;
                ^~~~~~~~~~~
../src/platform.c:93:1: note: declared here
 init_platform()
 ^~~~~~~~~~~~~
'Finished building: ../src/platform.c'
' '
'Building file: ../src/timerInit.c'
'Invoking: ARM v7 gcc compiler'
arm-none-eabi-gcc -Wall -O0 -g3 -I../../td_check_bsp/ps7_cortexa9_0/include -I"D:\206\temp\1553_rt_v0329_0089\prj\td_check_v0.1\td_check_v0.1.sdk\td_check\src" -c -fmessage-length=0 -MT"src/timerInit.o" -mcpu=cortex-a9 -mfpu=vfpv3 -mfloat-abi=hard -MMD -MP -MF"src/timerInit.d" -MT"src/timerInit.o" -o "src/timerInit.o" "../src/timerInit.c"
'Finished building: ../src/timerInit.c'
' '
'Building file: ../src/uart.c'
'Invoking: ARM v7 gcc compiler'
arm-none-eabi-gcc -Wall -O0 -g3 -I../../td_check_bsp/ps7_cortexa9_0/include -I"D:\206\temp\1553_rt_v0329_0089\prj\td_check_v0.1\td_check_v0.1.sdk\td_check\src" -c -fmessage-length=0 -MT"src/uart.o" -mcpu=cortex-a9 -mfpu=vfpv3 -mfloat-abi=hard -MMD -MP -MF"src/uart.d" -MT"src/uart.o" -o "src/uart.o" "../src/uart.c"
'Finished building: ../src/uart.c'
' '
'Building target: td_check.elf'
'Invoking: ARM v7 gcc linker'
arm-none-eabi-gcc -L"D:\206\temp\1553_rt_v0329_0089\prj\td_check_v0.1\td_check_v0.1.sdk\td_check\src\mylib\src" -mcpu=cortex-a9 -mfpu=vfpv3 -mfloat-abi=hard -Wl,-build-id=none -specs=Xilinx.spec -Wl,-T -Wl,../src/lscript.ld -L../../td_check_bsp/ps7_cortexa9_0/lib -o "td_check.elf"  ./src/common.o ./src/fc1553.o ./src/irqconfig.o ./src/ls1553.o ./src/main.o ./src/platform.o ./src/timerInit.o ./src/uart.o   -ldrvFC1553 -Wl,--start-group,-lxil,-lgcc,-lc,--end-group
c:/xilinx/sdk/2018.3/gnu/aarch32/nt/gcc-arm-none-eabi/bin/../lib/gcc/arm-none-eabi/7.3.1/../../../../arm-none-eabi/bin/ld.exe: warning: D:\206\temp\1553_rt_v0329_0089\prj\td_check_v0.1\td_check_v0.1.sdk\td_check\src\mylib\src\libdrvFC1553.a(drvFC1553.o) uses 32-bit enums yet the output is to use variable-size enums; use of enum values across objects may fail
c:/xilinx/sdk/2018.3/gnu/aarch32/nt/gcc-arm-none-eabi/bin/../lib/gcc/arm-none-eabi/7.3.1/../../../../arm-none-eabi/bin/ld.exe: warning: D:\206\temp\1553_rt_v0329_0089\prj\td_check_v0.1\td_check_v0.1.sdk\td_check\src\mylib\src\libdrvFC1553.a(drvFcNt.o) uses 32-bit enums yet the output is to use variable-size enums; use of enum values across objects may fail
c:/xilinx/sdk/2018.3/gnu/aarch32/nt/gcc-arm-none-eabi/bin/../lib/gcc/arm-none-eabi/7.3.1/../../../../arm-none-eabi/bin/ld.exe: warning: D:\206\temp\1553_rt_v0329_0089\prj\td_check_v0.1\td_check_v0.1.sdk\td_check\src\mylib\src\libdrvFC1553.a(drvSP.o) uses 32-bit enums yet the output is to use variable-size enums; use of enum values across objects may fail
c:/xilinx/sdk/2018.3/gnu/aarch32/nt/gcc-arm-none-eabi/bin/../lib/gcc/arm-none-eabi/7.3.1/../../../../arm-none-eabi/bin/ld.exe: warning: D:\206\temp\1553_rt_v0329_0089\prj\td_check_v0.1\td_check_v0.1.sdk\td_check\src\mylib\src\libdrvFC1553.a(drvAxi.o) uses 32-bit enums yet the output is to use variable-size enums; use of enum values across objects may fail
'Finished building target: td_check.elf'
' '
'Invoking: ARM v7 Print Size'
arm-none-eabi-size td_check.elf  |tee "td_check.elf.size"
   text	   data	    bss	    dec	    hex	filename
 111740	   3416	 164496	 279652	  44464	td_check.elf
'Finished building: td_check.elf.size'
' '
02:27:45 **** Clean-only build of configuration Debug for project td_check ****
make clean 
rm -rf  ./src/common.o ./src/fc1553.o ./src/irqconfig.o ./src/ls1553.o ./src/main.o ./src/platform.o ./src/timerInit.o ./src/uart.o  ./src/common.d ./src/fc1553.d ./src/irqconfig.d ./src/ls1553.d ./src/main.d ./src/platform.d ./src/timerInit.d ./src/uart.d  td_check.elf.size  td_check.elf
' '
02:27:45 **** Auto Build of configuration Debug for project td_check ****
make pre-build main-build 
a9-linaro-pre-build-step
' '
'Building file: ../src/common.c'
'Invoking: ARM v7 gcc compiler'
arm-none-eabi-gcc -Wall -O0 -g3 -I../../td_check_bsp/ps7_cortexa9_0/include -I"D:\206\temp\1553_rt_v0329_0089\prj\td_check_v0.1\td_check_v0.1.sdk\td_check\src" -I"D:\206\temp\1553_rt_v0329_0089\prj\td_check_v0.1\td_check_v0.1.sdk\td_check\src\mylib\include" -c -fmessage-length=0 -MT"src/common.o" -mcpu=cortex-a9 -mfpu=vfpv3 -mfloat-abi=hard -MMD -MP -MF"src/common.d" -MT"src/common.o" -o "src/common.o" "../src/common.c"
'Finished building: ../src/common.c'
' '
'Building file: ../src/fc1553.c'
'Invoking: ARM v7 gcc compiler'
arm-none-eabi-gcc -Wall -O0 -g3 -I../../td_check_bsp/ps7_cortexa9_0/include -I"D:\206\temp\1553_rt_v0329_0089\prj\td_check_v0.1\td_check_v0.1.sdk\td_check\src" -I"D:\206\temp\1553_rt_v0329_0089\prj\td_check_v0.1\td_check_v0.1.sdk\td_check\src\mylib\include" -c -fmessage-length=0 -MT"src/fc1553.o" -mcpu=cortex-a9 -mfpu=vfpv3 -mfloat-abi=hard -MMD -MP -MF"src/fc1553.d" -MT"src/fc1553.o" -o "src/fc1553.o" "../src/fc1553.c"
'Finished building: ../src/fc1553.c'
' '
'Building file: ../src/irqconfig.c'
'Invoking: ARM v7 gcc compiler'
arm-none-eabi-gcc -Wall -O0 -g3 -I../../td_check_bsp/ps7_cortexa9_0/include -I"D:\206\temp\1553_rt_v0329_0089\prj\td_check_v0.1\td_check_v0.1.sdk\td_check\src" -I"D:\206\temp\1553_rt_v0329_0089\prj\td_check_v0.1\td_check_v0.1.sdk\td_check\src\mylib\include" -c -fmessage-length=0 -MT"src/irqconfig.o" -mcpu=cortex-a9 -mfpu=vfpv3 -mfloat-abi=hard -MMD -MP -MF"src/irqconfig.d" -MT"src/irqconfig.o" -o "src/irqconfig.o" "../src/irqconfig.c"
'Finished building: ../src/irqconfig.c'
' '
'Building file: ../src/ls1553.c'
'Invoking: ARM v7 gcc compiler'
arm-none-eabi-gcc -Wall -O0 -g3 -I../../td_check_bsp/ps7_cortexa9_0/include -I"D:\206\temp\1553_rt_v0329_0089\prj\td_check_v0.1\td_check_v0.1.sdk\td_check\src" -I"D:\206\temp\1553_rt_v0329_0089\prj\td_check_v0.1\td_check_v0.1.sdk\td_check\src\mylib\include" -c -fmessage-length=0 -MT"src/ls1553.o" -mcpu=cortex-a9 -mfpu=vfpv3 -mfloat-abi=hard -MMD -MP -MF"src/ls1553.d" -MT"src/ls1553.o" -o "src/ls1553.o" "../src/ls1553.c"
'Finished building: ../src/ls1553.c'
' '
'Building file: ../src/main.c'
'Invoking: ARM v7 gcc compiler'
arm-none-eabi-gcc -Wall -O0 -g3 -I../../td_check_bsp/ps7_cortexa9_0/include -I"D:\206\temp\1553_rt_v0329_0089\prj\td_check_v0.1\td_check_v0.1.sdk\td_check\src" -I"D:\206\temp\1553_rt_v0329_0089\prj\td_check_v0.1\td_check_v0.1.sdk\td_check\src\mylib\include" -c -fmessage-length=0 -MT"src/main.o" -mcpu=cortex-a9 -mfpu=vfpv3 -mfloat-abi=hard -MMD -MP -MF"src/main.d" -MT"src/main.o" -o "src/main.o" "../src/main.c"
'Finished building: ../src/main.c'
' '
'Building file: ../src/platform.c'
'Invoking: ARM v7 gcc compiler'
arm-none-eabi-gcc -Wall -O0 -g3 -I../../td_check_bsp/ps7_cortexa9_0/include -I"D:\206\temp\1553_rt_v0329_0089\prj\td_check_v0.1\td_check_v0.1.sdk\td_check\src" -I"D:\206\temp\1553_rt_v0329_0089\prj\td_check_v0.1\td_check_v0.1.sdk\td_check\src\mylib\include" -c -fmessage-length=0 -MT"src/platform.o" -mcpu=cortex-a9 -mfpu=vfpv3 -mfloat-abi=hard -MMD -MP -MF"src/platform.d" -MT"src/platform.o" -o "src/platform.o" "../src/platform.c"
In file included from ../../td_check_bsp/ps7_cortexa9_0/include/xscutimer.h:112:0,
                 from ../src/timerInit.h:11,
                 from ../src/platform.c:35:
../src/platform.c: In function 'init_platform':
../../td_check_bsp/ps7_cortexa9_0/include/xstatus.h:61:41: warning: 'return' with a value, in function returning void
 #define XST_FAILURE                     1L
                                         ^
../src/platform.c:112:16: note: in expansion of macro 'XST_FAILURE'
         return XST_FAILURE;
                ^~~~~~~~~~~
../src/platform.c:93:1: note: declared here
 init_platform()
 ^~~~~~~~~~~~~
'Finished building: ../src/platform.c'
' '
'Building file: ../src/timerInit.c'
'Invoking: ARM v7 gcc compiler'
arm-none-eabi-gcc -Wall -O0 -g3 -I../../td_check_bsp/ps7_cortexa9_0/include -I"D:\206\temp\1553_rt_v0329_0089\prj\td_check_v0.1\td_check_v0.1.sdk\td_check\src" -I"D:\206\temp\1553_rt_v0329_0089\prj\td_check_v0.1\td_check_v0.1.sdk\td_check\src\mylib\include" -c -fmessage-length=0 -MT"src/timerInit.o" -mcpu=cortex-a9 -mfpu=vfpv3 -mfloat-abi=hard -MMD -MP -MF"src/timerInit.d" -MT"src/timerInit.o" -o "src/timerInit.o" "../src/timerInit.c"
'Finished building: ../src/timerInit.c'
' '
'Building file: ../src/uart.c'
'Invoking: ARM v7 gcc compiler'
arm-none-eabi-gcc -Wall -O0 -g3 -I../../td_check_bsp/ps7_cortexa9_0/include -I"D:\206\temp\1553_rt_v0329_0089\prj\td_check_v0.1\td_check_v0.1.sdk\td_check\src" -I"D:\206\temp\1553_rt_v0329_0089\prj\td_check_v0.1\td_check_v0.1.sdk\td_check\src\mylib\include" -c -fmessage-length=0 -MT"src/uart.o" -mcpu=cortex-a9 -mfpu=vfpv3 -mfloat-abi=hard -MMD -MP -MF"src/uart.d" -MT"src/uart.o" -o "src/uart.o" "../src/uart.c"
'Finished building: ../src/uart.c'
' '
'Building target: td_check.elf'
'Invoking: ARM v7 gcc linker'
arm-none-eabi-gcc -L"D:\206\temp\1553_rt_v0329_0089\prj\td_check_v0.1\td_check_v0.1.sdk\td_check\src\mylib\src" -L../../td_check_bsp/ps7_cortexa9_0/lib -mcpu=cortex-a9 -mfpu=vfpv3 -mfloat-abi=hard -Wl,-build-id=none -specs=Xilinx.spec -Wl,-T -Wl,../src/lscript.ld -o "td_check.elf"  ./src/common.o ./src/fc1553.o ./src/irqconfig.o ./src/ls1553.o ./src/main.o ./src/platform.o ./src/timerInit.o ./src/uart.o   -ldrvFC1553 -l-Wl,--start-group,-lxil,-lgcc,-lc,--end-group
c:/xilinx/sdk/2018.3/gnu/aarch32/nt/gcc-arm-none-eabi/bin/../lib/gcc/arm-none-eabi/7.3.1/../../../../arm-none-eabi/bin/ld.exe: cannot find -l-Wl,--start-group,-lxil,-lgcc,-lc,--end-group
collect2.exe: error: ld returned 1 exit status
make: *** [makefile:41: td_check.elf] Error 1
02:27:48 **** Clean-only build of configuration Debug for project td_check ****
make clean 
rm -rf  ./src/common.o ./src/fc1553.o ./src/irqconfig.o ./src/ls1553.o ./src/main.o ./src/platform.o ./src/timerInit.o ./src/uart.o  ./src/common.d ./src/fc1553.d ./src/irqconfig.d ./src/ls1553.d ./src/main.d ./src/platform.d ./src/timerInit.d ./src/uart.d  td_check.elf.size  td_check.elf
' '
02:27:48 **** Auto Build of configuration Debug for project td_check ****
make pre-build main-build 
a9-linaro-pre-build-step
' '
'Building file: ../src/common.c'
'Invoking: ARM v7 gcc compiler'
arm-none-eabi-gcc -Wall -O0 -g3 -I../../td_check_bsp/ps7_cortexa9_0/include -I"D:\206\temp\1553_rt_v0329_0089\prj\td_check_v0.1\td_check_v0.1.sdk\td_check\src" -I"D:\206\temp\1553_rt_v0329_0089\prj\td_check_v0.1\td_check_v0.1.sdk\td_check\src\mylib\include" -c -fmessage-length=0 -MT"src/common.o" -mcpu=cortex-a9 -mfpu=vfpv3 -mfloat-abi=hard -MMD -MP -MF"src/common.d" -MT"src/common.o" -o "src/common.o" "../src/common.c"
'Finished building: ../src/common.c'
' '
'Building file: ../src/fc1553.c'
'Invoking: ARM v7 gcc compiler'
arm-none-eabi-gcc -Wall -O0 -g3 -I../../td_check_bsp/ps7_cortexa9_0/include -I"D:\206\temp\1553_rt_v0329_0089\prj\td_check_v0.1\td_check_v0.1.sdk\td_check\src" -I"D:\206\temp\1553_rt_v0329_0089\prj\td_check_v0.1\td_check_v0.1.sdk\td_check\src\mylib\include" -c -fmessage-length=0 -MT"src/fc1553.o" -mcpu=cortex-a9 -mfpu=vfpv3 -mfloat-abi=hard -MMD -MP -MF"src/fc1553.d" -MT"src/fc1553.o" -o "src/fc1553.o" "../src/fc1553.c"
'Finished building: ../src/fc1553.c'
' '
'Building file: ../src/irqconfig.c'
'Invoking: ARM v7 gcc compiler'
arm-none-eabi-gcc -Wall -O0 -g3 -I../../td_check_bsp/ps7_cortexa9_0/include -I"D:\206\temp\1553_rt_v0329_0089\prj\td_check_v0.1\td_check_v0.1.sdk\td_check\src" -I"D:\206\temp\1553_rt_v0329_0089\prj\td_check_v0.1\td_check_v0.1.sdk\td_check\src\mylib\include" -c -fmessage-length=0 -MT"src/irqconfig.o" -mcpu=cortex-a9 -mfpu=vfpv3 -mfloat-abi=hard -MMD -MP -MF"src/irqconfig.d" -MT"src/irqconfig.o" -o "src/irqconfig.o" "../src/irqconfig.c"
'Finished building: ../src/irqconfig.c'
' '
'Building file: ../src/ls1553.c'
'Invoking: ARM v7 gcc compiler'
arm-none-eabi-gcc -Wall -O0 -g3 -I../../td_check_bsp/ps7_cortexa9_0/include -I"D:\206\temp\1553_rt_v0329_0089\prj\td_check_v0.1\td_check_v0.1.sdk\td_check\src" -I"D:\206\temp\1553_rt_v0329_0089\prj\td_check_v0.1\td_check_v0.1.sdk\td_check\src\mylib\include" -c -fmessage-length=0 -MT"src/ls1553.o" -mcpu=cortex-a9 -mfpu=vfpv3 -mfloat-abi=hard -MMD -MP -MF"src/ls1553.d" -MT"src/ls1553.o" -o "src/ls1553.o" "../src/ls1553.c"
'Finished building: ../src/ls1553.c'
' '
'Building file: ../src/main.c'
'Invoking: ARM v7 gcc compiler'
arm-none-eabi-gcc -Wall -O0 -g3 -I../../td_check_bsp/ps7_cortexa9_0/include -I"D:\206\temp\1553_rt_v0329_0089\prj\td_check_v0.1\td_check_v0.1.sdk\td_check\src" -I"D:\206\temp\1553_rt_v0329_0089\prj\td_check_v0.1\td_check_v0.1.sdk\td_check\src\mylib\include" -c -fmessage-length=0 -MT"src/main.o" -mcpu=cortex-a9 -mfpu=vfpv3 -mfloat-abi=hard -MMD -MP -MF"src/main.d" -MT"src/main.o" -o "src/main.o" "../src/main.c"
'Finished building: ../src/main.c'
' '
'Building file: ../src/platform.c'
'Invoking: ARM v7 gcc compiler'
arm-none-eabi-gcc -Wall -O0 -g3 -I../../td_check_bsp/ps7_cortexa9_0/include -I"D:\206\temp\1553_rt_v0329_0089\prj\td_check_v0.1\td_check_v0.1.sdk\td_check\src" -I"D:\206\temp\1553_rt_v0329_0089\prj\td_check_v0.1\td_check_v0.1.sdk\td_check\src\mylib\include" -c -fmessage-length=0 -MT"src/platform.o" -mcpu=cortex-a9 -mfpu=vfpv3 -mfloat-abi=hard -MMD -MP -MF"src/platform.d" -MT"src/platform.o" -o "src/platform.o" "../src/platform.c"
In file included from ../../td_check_bsp/ps7_cortexa9_0/include/xscutimer.h:112:0,
                 from ../src/timerInit.h:11,
                 from ../src/platform.c:35:
../src/platform.c: In function 'init_platform':
../../td_check_bsp/ps7_cortexa9_0/include/xstatus.h:61:41: warning: 'return' with a value, in function returning void
 #define XST_FAILURE                     1L
                                         ^
../src/platform.c:112:16: note: in expansion of macro 'XST_FAILURE'
         return XST_FAILURE;
                ^~~~~~~~~~~
../src/platform.c:93:1: note: declared here
 init_platform()
 ^~~~~~~~~~~~~
'Finished building: ../src/platform.c'
' '
'Building file: ../src/timerInit.c'
'Invoking: ARM v7 gcc compiler'
arm-none-eabi-gcc -Wall -O0 -g3 -I../../td_check_bsp/ps7_cortexa9_0/include -I"D:\206\temp\1553_rt_v0329_0089\prj\td_check_v0.1\td_check_v0.1.sdk\td_check\src" -I"D:\206\temp\1553_rt_v0329_0089\prj\td_check_v0.1\td_check_v0.1.sdk\td_check\src\mylib\include" -c -fmessage-length=0 -MT"src/timerInit.o" -mcpu=cortex-a9 -mfpu=vfpv3 -mfloat-abi=hard -MMD -MP -MF"src/timerInit.d" -MT"src/timerInit.o" -o "src/timerInit.o" "../src/timerInit.c"
'Finished building: ../src/timerInit.c'
' '
'Building file: ../src/uart.c'
'Invoking: ARM v7 gcc compiler'
arm-none-eabi-gcc -Wall -O0 -g3 -I../../td_check_bsp/ps7_cortexa9_0/include -I"D:\206\temp\1553_rt_v0329_0089\prj\td_check_v0.1\td_check_v0.1.sdk\td_check\src" -I"D:\206\temp\1553_rt_v0329_0089\prj\td_check_v0.1\td_check_v0.1.sdk\td_check\src\mylib\include" -c -fmessage-length=0 -MT"src/uart.o" -mcpu=cortex-a9 -mfpu=vfpv3 -mfloat-abi=hard -MMD -MP -MF"src/uart.d" -MT"src/uart.o" -o "src/uart.o" "../src/uart.c"
'Finished building: ../src/uart.c'
' '
'Building target: td_check.elf'
'Invoking: ARM v7 gcc linker'
arm-none-eabi-gcc -L"D:\206\temp\1553_rt_v0329_0089\prj\td_check_v0.1\td_check_v0.1.sdk\td_check\src\mylib\src" -mcpu=cortex-a9 -mfpu=vfpv3 -mfloat-abi=hard -Wl,-build-id=none -specs=Xilinx.spec -Wl,-T -Wl,../src/lscript.ld -L../../td_check_bsp/ps7_cortexa9_0/lib -o "td_check.elf"  ./src/common.o ./src/fc1553.o ./src/irqconfig.o ./src/ls1553.o ./src/main.o ./src/platform.o ./src/timerInit.o ./src/uart.o   -ldrvFC1553 -Wl,--start-group,-lxil,-lgcc,-lc,--end-group
c:/xilinx/sdk/2018.3/gnu/aarch32/nt/gcc-arm-none-eabi/bin/../lib/gcc/arm-none-eabi/7.3.1/../../../../arm-none-eabi/bin/ld.exe: warning: D:\206\temp\1553_rt_v0329_0089\prj\td_check_v0.1\td_check_v0.1.sdk\td_check\src\mylib\src\libdrvFC1553.a(drvFC1553.o) uses 32-bit enums yet the output is to use variable-size enums; use of enum values across objects may fail
c:/xilinx/sdk/2018.3/gnu/aarch32/nt/gcc-arm-none-eabi/bin/../lib/gcc/arm-none-eabi/7.3.1/../../../../arm-none-eabi/bin/ld.exe: warning: D:\206\temp\1553_rt_v0329_0089\prj\td_check_v0.1\td_check_v0.1.sdk\td_check\src\mylib\src\libdrvFC1553.a(drvFcNt.o) uses 32-bit enums yet the output is to use variable-size enums; use of enum values across objects may fail
c:/xilinx/sdk/2018.3/gnu/aarch32/nt/gcc-arm-none-eabi/bin/../lib/gcc/arm-none-eabi/7.3.1/../../../../arm-none-eabi/bin/ld.exe: warning: D:\206\temp\1553_rt_v0329_0089\prj\td_check_v0.1\td_check_v0.1.sdk\td_check\src\mylib\src\libdrvFC1553.a(drvSP.o) uses 32-bit enums yet the output is to use variable-size enums; use of enum values across objects may fail
c:/xilinx/sdk/2018.3/gnu/aarch32/nt/gcc-arm-none-eabi/bin/../lib/gcc/arm-none-eabi/7.3.1/../../../../arm-none-eabi/bin/ld.exe: warning: D:\206\temp\1553_rt_v0329_0089\prj\td_check_v0.1\td_check_v0.1.sdk\td_check\src\mylib\src\libdrvFC1553.a(drvAxi.o) uses 32-bit enums yet the output is to use variable-size enums; use of enum values across objects may fail
'Finished building target: td_check.elf'
' '
'Invoking: ARM v7 Print Size'
arm-none-eabi-size td_check.elf  |tee "td_check.elf.size"
   text	   data	    bss	    dec	    hex	filename
 111740	   3416	 164496	 279652	  44464	td_check.elf
'Finished building: td_check.elf.size'
' '
02:28:14 **** Auto Build of project td_check_bsp ****
make -k all 
"Running Make include in ps7_cortexa9_0/libsrc/bram_v4_2/src"
make -C ps7_cortexa9_0/libsrc/bram_v4_2/src -s include  "SHELL=CMD" "COMPILER=arm-none-eabi-gcc" "ARCHIVER=arm-none-eabi-ar" "COMPILER_FLAGS=  -O2 -c" "EXTRA_COMPILER_FLAGS=-mcpu=cortex-a9 -mfpu=vfpv3 -mfloat-abi=hard -nostartfiles -g -Wall -Wextra"
"Running Make include in ps7_cortexa9_0/libsrc/coresightps_dcc_v1_4/src"
make -C ps7_cortexa9_0/libsrc/coresightps_dcc_v1_4/src -s include  "SHELL=CMD" "COMPILER=arm-none-eabi-gcc" "ARCHIVER=arm-none-eabi-ar" "COMPILER_FLAGS=  -O2 -c" "EXTRA_COMPILER_FLAGS=-mcpu=cortex-a9 -mfpu=vfpv3 -mfloat-abi=hard -nostartfiles -g -Wall -Wextra"
"Running Make include in ps7_cortexa9_0/libsrc/cpu_cortexa9_v2_7/src"
make -C ps7_cortexa9_0/libsrc/cpu_cortexa9_v2_7/src -s include  "SHELL=CMD" "COMPILER=arm-none-eabi-gcc" "ARCHIVER=arm-none-eabi-ar" "COMPILER_FLAGS=  -O2 -c" "EXTRA_COMPILER_FLAGS=-mcpu=cortex-a9 -mfpu=vfpv3 -mfloat-abi=hard -nostartfiles -g -Wall -Wextra"
"Running Make include in ps7_cortexa9_0/libsrc/ddrps_v1_0/src"
make -C ps7_cortexa9_0/libsrc/ddrps_v1_0/src -s include  "SHELL=CMD" "COMPILER=arm-none-eabi-gcc" "ARCHIVER=arm-none-eabi-ar" "COMPILER_FLAGS=  -O2 -c" "EXTRA_COMPILER_FLAGS=-mcpu=cortex-a9 -mfpu=vfpv3 -mfloat-abi=hard -nostartfiles -g -Wall -Wextra"
"Running Make include in ps7_cortexa9_0/libsrc/devcfg_v3_5/src"
make -C ps7_cortexa9_0/libsrc/devcfg_v3_5/src -s include  "SHELL=CMD" "COMPILER=arm-none-eabi-gcc" "ARCHIVER=arm-none-eabi-ar" "COMPILER_FLAGS=  -O2 -c" "EXTRA_COMPILER_FLAGS=-mcpu=cortex-a9 -mfpu=vfpv3 -mfloat-abi=hard -nostartfiles -g -Wall -Wextra"
"Running Make include in ps7_cortexa9_0/libsrc/dmaps_v2_4/src"
make -C ps7_cortexa9_0/libsrc/dmaps_v2_4/src -s include  "SHELL=CMD" "COMPILER=arm-none-eabi-gcc" "ARCHIVER=arm-none-eabi-ar" "COMPILER_FLAGS=  -O2 -c" "EXTRA_COMPILER_FLAGS=-mcpu=cortex-a9 -mfpu=vfpv3 -mfloat-abi=hard -nostartfiles -g -Wall -Wextra"
"Running Make include in ps7_cortexa9_0/libsrc/gpio_v4_3/src"
make -C ps7_cortexa9_0/libsrc/gpio_v4_3/src -s include  "SHELL=CMD" "COMPILER=arm-none-eabi-gcc" "ARCHIVER=arm-none-eabi-ar" "COMPILER_FLAGS=  -O2 -c" "EXTRA_COMPILER_FLAGS=-mcpu=cortex-a9 -mfpu=vfpv3 -mfloat-abi=hard -nostartfiles -g -Wall -Wextra"
"Running Make include in ps7_cortexa9_0/libsrc/qspips_v3_5/src"
make -C ps7_cortexa9_0/libsrc/qspips_v3_5/src -s include  "SHELL=CMD" "COMPILER=arm-none-eabi-gcc" "ARCHIVER=arm-none-eabi-ar" "COMPILER_FLAGS=  -O2 -c" "EXTRA_COMPILER_FLAGS=-mcpu=cortex-a9 -mfpu=vfpv3 -mfloat-abi=hard -nostartfiles -g -Wall -Wextra"
"Running Make include in ps7_cortexa9_0/libsrc/scugic_v3_10/src"
make -C ps7_cortexa9_0/libsrc/scugic_v3_10/src -s include  "SHELL=CMD" "COMPILER=arm-none-eabi-gcc" "ARCHIVER=arm-none-eabi-ar" "COMPILER_FLAGS=  -O2 -c" "EXTRA_COMPILER_FLAGS=-mcpu=cortex-a9 -mfpu=vfpv3 -mfloat-abi=hard -nostartfiles -g -Wall -Wextra"
"Running Make include in ps7_cortexa9_0/libsrc/scutimer_v2_1/src"
make -C ps7_cortexa9_0/libsrc/scutimer_v2_1/src -s include  "SHELL=CMD" "COMPILER=arm-none-eabi-gcc" "ARCHIVER=arm-none-eabi-ar" "COMPILER_FLAGS=  -O2 -c" "EXTRA_COMPILER_FLAGS=-mcpu=cortex-a9 -mfpu=vfpv3 -mfloat-abi=hard -nostartfiles -g -Wall -Wextra"
"Running Make include in ps7_cortexa9_0/libsrc/scuwdt_v2_1/src"
make -C ps7_cortexa9_0/libsrc/scuwdt_v2_1/src -s include  "SHELL=CMD" "COMPILER=arm-none-eabi-gcc" "ARCHIVER=arm-none-eabi-ar" "COMPILER_FLAGS=  -O2 -c" "EXTRA_COMPILER_FLAGS=-mcpu=cortex-a9 -mfpu=vfpv3 -mfloat-abi=hard -nostartfiles -g -Wall -Wextra"
"Running Make include in ps7_cortexa9_0/libsrc/standalone_v6_8/src"
make -C ps7_cortexa9_0/libsrc/standalone_v6_8/src -s include  "SHELL=CMD" "COMPILER=arm-none-eabi-gcc" "ARCHIVER=arm-none-eabi-ar" "COMPILER_FLAGS=  -O2 -c" "EXTRA_COMPILER_FLAGS=-mcpu=cortex-a9 -mfpu=vfpv3 -mfloat-abi=hard -nostartfiles -g -Wall -Wextra"
"Running Make include in ps7_cortexa9_0/libsrc/uartps_v3_7/src"
make -C ps7_cortexa9_0/libsrc/uartps_v3_7/src -s include  "SHELL=CMD" "COMPILER=arm-none-eabi-gcc" "ARCHIVER=arm-none-eabi-ar" "COMPILER_FLAGS=  -O2 -c" "EXTRA_COMPILER_FLAGS=-mcpu=cortex-a9 -mfpu=vfpv3 -mfloat-abi=hard -nostartfiles -g -Wall -Wextra"
"Running Make include in ps7_cortexa9_0/libsrc/xadcps_v2_3/src"
make -C ps7_cortexa9_0/libsrc/xadcps_v2_3/src -s include  "SHELL=CMD" "COMPILER=arm-none-eabi-gcc" "ARCHIVER=arm-none-eabi-ar" "COMPILER_FLAGS=  -O2 -c" "EXTRA_COMPILER_FLAGS=-mcpu=cortex-a9 -mfpu=vfpv3 -mfloat-abi=hard -nostartfiles -g -Wall -Wextra"
"Running Make include in ps7_cortexa9_0/libsrc/xilffs_v4_0/src"
make -C ps7_cortexa9_0/libsrc/xilffs_v4_0/src -s include  "SHELL=CMD" "COMPILER=arm-none-eabi-gcc" "ARCHIVER=arm-none-eabi-ar" "COMPILER_FLAGS=  -O2 -c" "EXTRA_COMPILER_FLAGS=-mcpu=cortex-a9 -mfpu=vfpv3 -mfloat-abi=hard -nostartfiles -g -Wall -Wextra"
"Running Make libs in ps7_cortexa9_0/libsrc/bram_v4_2/src"
make -C ps7_cortexa9_0/libsrc/bram_v4_2/src -s libs  "SHELL=CMD" "COMPILER=arm-none-eabi-gcc" "ARCHIVER=arm-none-eabi-ar" "COMPILER_FLAGS=  -O2 -c" "EXTRA_COMPILER_FLAGS=-mcpu=cortex-a9 -mfpu=vfpv3 -mfloat-abi=hard -nostartfiles -g -Wall -Wextra"
"Compiling bram"
arm-none-eabi-ar: creating ../../../lib/libxil.a
"Running Make libs in ps7_cortexa9_0/libsrc/coresightps_dcc_v1_4/src"
make -C ps7_cortexa9_0/libsrc/coresightps_dcc_v1_4/src -s libs  "SHELL=CMD" "COMPILER=arm-none-eabi-gcc" "ARCHIVER=arm-none-eabi-ar" "COMPILER_FLAGS=  -O2 -c" "EXTRA_COMPILER_FLAGS=-mcpu=cortex-a9 -mfpu=vfpv3 -mfloat-abi=hard -nostartfiles -g -Wall -Wextra"
"Compiling coresightps_dcc"
"Running Make libs in ps7_cortexa9_0/libsrc/cpu_cortexa9_v2_7/src"
make -C ps7_cortexa9_0/libsrc/cpu_cortexa9_v2_7/src -s libs  "SHELL=CMD" "COMPILER=arm-none-eabi-gcc" "ARCHIVER=arm-none-eabi-ar" "COMPILER_FLAGS=  -O2 -c" "EXTRA_COMPILER_FLAGS=-mcpu=cortex-a9 -mfpu=vfpv3 -mfloat-abi=hard -nostartfiles -g -Wall -Wextra"
"Compiling cpu_cortexa9"
"Running Make libs in ps7_cortexa9_0/libsrc/ddrps_v1_0/src"
make -C ps7_cortexa9_0/libsrc/ddrps_v1_0/src -s libs  "SHELL=CMD" "COMPILER=arm-none-eabi-gcc" "ARCHIVER=arm-none-eabi-ar" "COMPILER_FLAGS=  -O2 -c" "EXTRA_COMPILER_FLAGS=-mcpu=cortex-a9 -mfpu=vfpv3 -mfloat-abi=hard -nostartfiles -g -Wall -Wextra"
"Compiling ddrps"
"Running Make libs in ps7_cortexa9_0/libsrc/devcfg_v3_5/src"
make -C ps7_cortexa9_0/libsrc/devcfg_v3_5/src -s libs  "SHELL=CMD" "COMPILER=arm-none-eabi-gcc" "ARCHIVER=arm-none-eabi-ar" "COMPILER_FLAGS=  -O2 -c" "EXTRA_COMPILER_FLAGS=-mcpu=cortex-a9 -mfpu=vfpv3 -mfloat-abi=hard -nostartfiles -g -Wall -Wextra"
"Compiling devcfg"
"Running Make libs in ps7_cortexa9_0/libsrc/dmaps_v2_4/src"
make -C ps7_cortexa9_0/libsrc/dmaps_v2_4/src -s libs  "SHELL=CMD" "COMPILER=arm-none-eabi-gcc" "ARCHIVER=arm-none-eabi-ar" "COMPILER_FLAGS=  -O2 -c" "EXTRA_COMPILER_FLAGS=-mcpu=cortex-a9 -mfpu=vfpv3 -mfloat-abi=hard -nostartfiles -g -Wall -Wextra"
"Compiling dmaps"
"Running Make libs in ps7_cortexa9_0/libsrc/gpio_v4_3/src"
make -C ps7_cortexa9_0/libsrc/gpio_v4_3/src -s libs  "SHELL=CMD" "COMPILER=arm-none-eabi-gcc" "ARCHIVER=arm-none-eabi-ar" "COMPILER_FLAGS=  -O2 -c" "EXTRA_COMPILER_FLAGS=-mcpu=cortex-a9 -mfpu=vfpv3 -mfloat-abi=hard -nostartfiles -g -Wall -Wextra"
"Compiling gpio"
"Running Make libs in ps7_cortexa9_0/libsrc/qspips_v3_5/src"
make -C ps7_cortexa9_0/libsrc/qspips_v3_5/src -s libs  "SHELL=CMD" "COMPILER=arm-none-eabi-gcc" "ARCHIVER=arm-none-eabi-ar" "COMPILER_FLAGS=  -O2 -c" "EXTRA_COMPILER_FLAGS=-mcpu=cortex-a9 -mfpu=vfpv3 -mfloat-abi=hard -nostartfiles -g -Wall -Wextra"
"Compiling qspips"
"Running Make libs in ps7_cortexa9_0/libsrc/scugic_v3_10/src"
make -C ps7_cortexa9_0/libsrc/scugic_v3_10/src -s libs  "SHELL=CMD" "COMPILER=arm-none-eabi-gcc" "ARCHIVER=arm-none-eabi-ar" "COMPILER_FLAGS=  -O2 -c" "EXTRA_COMPILER_FLAGS=-mcpu=cortex-a9 -mfpu=vfpv3 -mfloat-abi=hard -nostartfiles -g -Wall -Wextra"
"Compiling scugic"
"Running Make libs in ps7_cortexa9_0/libsrc/scutimer_v2_1/src"
make -C ps7_cortexa9_0/libsrc/scutimer_v2_1/src -s libs  "SHELL=CMD" "COMPILER=arm-none-eabi-gcc" "ARCHIVER=arm-none-eabi-ar" "COMPILER_FLAGS=  -O2 -c" "EXTRA_COMPILER_FLAGS=-mcpu=cortex-a9 -mfpu=vfpv3 -mfloat-abi=hard -nostartfiles -g -Wall -Wextra"
"Compiling scutimer"
"Running Make libs in ps7_cortexa9_0/libsrc/scuwdt_v2_1/src"
make -C ps7_cortexa9_0/libsrc/scuwdt_v2_1/src -s libs  "SHELL=CMD" "COMPILER=arm-none-eabi-gcc" "ARCHIVER=arm-none-eabi-ar" "COMPILER_FLAGS=  -O2 -c" "EXTRA_COMPILER_FLAGS=-mcpu=cortex-a9 -mfpu=vfpv3 -mfloat-abi=hard -nostartfiles -g -Wall -Wextra"
"Compiling scuwdt"
"Running Make libs in ps7_cortexa9_0/libsrc/standalone_v6_8/src"
make -C ps7_cortexa9_0/libsrc/standalone_v6_8/src -s libs  "SHELL=CMD" "COMPILER=arm-none-eabi-gcc" "ARCHIVER=arm-none-eabi-ar" "COMPILER_FLAGS=  -O2 -c" "EXTRA_COMPILER_FLAGS=-mcpu=cortex-a9 -mfpu=vfpv3 -mfloat-abi=hard -nostartfiles -g -Wall -Wextra"
"Compiling standalone"
In file included from usleep.c:56:0:
xtime_l.h:87:9: note: #pragma message: For the sleep routines, Global timer is being used
 #pragma message ("For the sleep routines, Global timer is being used")
         ^~~~~~~
In file included from xil_sleeptimer.c:51:0:
xtime_l.h:87:9: note: #pragma message: For the sleep routines, Global timer is being used
 #pragma message ("For the sleep routines, Global timer is being used")
         ^~~~~~~
In file included from xtime_l.c:49:0:
xtime_l.h:87:9: note: #pragma message: For the sleep routines, Global timer is being used
 #pragma message ("For the sleep routines, Global timer is being used")
         ^~~~~~~
In file included from sleep.c:53:0:
xtime_l.h:87:9: note: #pragma message: For the sleep routines, Global timer is being used
 #pragma message ("For the sleep routines, Global timer is being used")
         ^~~~~~~
"Running Make libs in ps7_cortexa9_0/libsrc/uartps_v3_7/src"
make -C ps7_cortexa9_0/libsrc/uartps_v3_7/src -s libs  "SHELL=CMD" "COMPILER=arm-none-eabi-gcc" "ARCHIVER=arm-none-eabi-ar" "COMPILER_FLAGS=  -O2 -c" "EXTRA_COMPILER_FLAGS=-mcpu=cortex-a9 -mfpu=vfpv3 -mfloat-abi=hard -nostartfiles -g -Wall -Wextra"
"Compiling uartps"
"Running Make libs in ps7_cortexa9_0/libsrc/xadcps_v2_3/src"
make -C ps7_cortexa9_0/libsrc/xadcps_v2_3/src -s libs  "SHELL=CMD" "COMPILER=arm-none-eabi-gcc" "ARCHIVER=arm-none-eabi-ar" "COMPILER_FLAGS=  -O2 -c" "EXTRA_COMPILER_FLAGS=-mcpu=cortex-a9 -mfpu=vfpv3 -mfloat-abi=hard -nostartfiles -g -Wall -Wextra"
"Compiling xadcps"
"Running Make libs in ps7_cortexa9_0/libsrc/xilffs_v4_0/src"
make -C ps7_cortexa9_0/libsrc/xilffs_v4_0/src -s libs  "SHELL=CMD" "COMPILER=arm-none-eabi-gcc" "ARCHIVER=arm-none-eabi-ar" "COMPILER_FLAGS=  -O2 -c" "EXTRA_COMPILER_FLAGS=-mcpu=cortex-a9 -mfpu=vfpv3 -mfloat-abi=hard -nostartfiles -g -Wall -Wextra"
"Compiling XilFFs Library"
diskio.c: In function 'disk_read':
diskio.c:358:9: warning: unused parameter 'buff' [-Wunused-parameter]
   BYTE *buff, /* Pointer to the data buffer to store read data */
         ^~~~
diskio.c:359:9: warning: unused parameter 'sector' [-Wunused-parameter]
   DWORD sector, /* Start sector number (LBA) */
         ^~~~~~
diskio.c: In function 'disk_ioctl':
diskio.c:402:7: warning: unused parameter 'pdrv' [-Wunused-parameter]
  BYTE pdrv,    /* Physical drive number (0) */
       ^~~~
diskio.c:403:7: warning: unused parameter 'cmd' [-Wunused-parameter]
  BYTE cmd,    /* Control code */
       ^~~
diskio.c:404:8: warning: unused parameter 'buff' [-Wunused-parameter]
  void *buff    /* Buffer to send/receive control data */
        ^~~~
diskio.c: In function 'disk_write':
diskio.c:501:14: warning: unused parameter 'buff' [-Wunused-parameter]
  const BYTE *buff, /* Data to be written */
              ^~~~
diskio.c:502:8: warning: unused parameter 'sector' [-Wunused-parameter]
  DWORD sector,  /* Sector address (LBA) */
        ^~~~~~
'Finished building libraries'
02:28:28 **** Clean-only build of configuration Debug for project td_check ****
make clean 
rm -rf  ./src/common.o ./src/fc1553.o ./src/irqconfig.o ./src/ls1553.o ./src/main.o ./src/platform.o ./src/timerInit.o ./src/uart.o  ./src/common.d ./src/fc1553.d ./src/irqconfig.d ./src/ls1553.d ./src/main.d ./src/platform.d ./src/timerInit.d ./src/uart.d  td_check.elf.size  td_check.elf
' '
02:28:28 **** Auto Build of configuration Debug for project td_check ****
make pre-build main-build 
a9-linaro-pre-build-step
' '
'Building file: ../src/common.c'
'Invoking: ARM v7 gcc compiler'
arm-none-eabi-gcc -Wall -O0 -g3 -I../../td_check_bsp/ps7_cortexa9_0/include -I"D:\206\temp\1553_rt_v0329_0089\prj\td_check_v0.1\td_check_v0.1.sdk\td_check\src" -I"D:\206\temp\1553_rt_v0329_0089\prj\td_check_v0.1\td_check_v0.1.sdk\td_check\src\mylib\include" -c -fmessage-length=0 -MT"src/common.o" -mcpu=cortex-a9 -mfpu=vfpv3 -mfloat-abi=hard -I../../td_check_bsp/ps7_cortexa9_0/include -MMD -MP -MF"src/common.d" -MT"src/common.o" -o "src/common.o" "../src/common.c"
'Finished building: ../src/common.c'
' '
'Building file: ../src/fc1553.c'
'Invoking: ARM v7 gcc compiler'
arm-none-eabi-gcc -Wall -O0 -g3 -I../../td_check_bsp/ps7_cortexa9_0/include -I"D:\206\temp\1553_rt_v0329_0089\prj\td_check_v0.1\td_check_v0.1.sdk\td_check\src" -I"D:\206\temp\1553_rt_v0329_0089\prj\td_check_v0.1\td_check_v0.1.sdk\td_check\src\mylib\include" -c -fmessage-length=0 -MT"src/fc1553.o" -mcpu=cortex-a9 -mfpu=vfpv3 -mfloat-abi=hard -I../../td_check_bsp/ps7_cortexa9_0/include -MMD -MP -MF"src/fc1553.d" -MT"src/fc1553.o" -o "src/fc1553.o" "../src/fc1553.c"
'Finished building: ../src/fc1553.c'
' '
'Building file: ../src/irqconfig.c'
'Invoking: ARM v7 gcc compiler'
arm-none-eabi-gcc -Wall -O0 -g3 -I../../td_check_bsp/ps7_cortexa9_0/include -I"D:\206\temp\1553_rt_v0329_0089\prj\td_check_v0.1\td_check_v0.1.sdk\td_check\src" -I"D:\206\temp\1553_rt_v0329_0089\prj\td_check_v0.1\td_check_v0.1.sdk\td_check\src\mylib\include" -c -fmessage-length=0 -MT"src/irqconfig.o" -mcpu=cortex-a9 -mfpu=vfpv3 -mfloat-abi=hard -I../../td_check_bsp/ps7_cortexa9_0/include -MMD -MP -MF"src/irqconfig.d" -MT"src/irqconfig.o" -o "src/irqconfig.o" "../src/irqconfig.c"
'Finished building: ../src/irqconfig.c'
' '
'Building file: ../src/ls1553.c'
'Invoking: ARM v7 gcc compiler'
arm-none-eabi-gcc -Wall -O0 -g3 -I../../td_check_bsp/ps7_cortexa9_0/include -I"D:\206\temp\1553_rt_v0329_0089\prj\td_check_v0.1\td_check_v0.1.sdk\td_check\src" -I"D:\206\temp\1553_rt_v0329_0089\prj\td_check_v0.1\td_check_v0.1.sdk\td_check\src\mylib\include" -c -fmessage-length=0 -MT"src/ls1553.o" -mcpu=cortex-a9 -mfpu=vfpv3 -mfloat-abi=hard -I../../td_check_bsp/ps7_cortexa9_0/include -MMD -MP -MF"src/ls1553.d" -MT"src/ls1553.o" -o "src/ls1553.o" "../src/ls1553.c"
'Finished building: ../src/ls1553.c'
' '
'Building file: ../src/main.c'
'Invoking: ARM v7 gcc compiler'
arm-none-eabi-gcc -Wall -O0 -g3 -I../../td_check_bsp/ps7_cortexa9_0/include -I"D:\206\temp\1553_rt_v0329_0089\prj\td_check_v0.1\td_check_v0.1.sdk\td_check\src" -I"D:\206\temp\1553_rt_v0329_0089\prj\td_check_v0.1\td_check_v0.1.sdk\td_check\src\mylib\include" -c -fmessage-length=0 -MT"src/main.o" -mcpu=cortex-a9 -mfpu=vfpv3 -mfloat-abi=hard -I../../td_check_bsp/ps7_cortexa9_0/include -MMD -MP -MF"src/main.d" -MT"src/main.o" -o "src/main.o" "../src/main.c"
'Finished building: ../src/main.c'
' '
'Building file: ../src/platform.c'
'Invoking: ARM v7 gcc compiler'
arm-none-eabi-gcc -Wall -O0 -g3 -I../../td_check_bsp/ps7_cortexa9_0/include -I"D:\206\temp\1553_rt_v0329_0089\prj\td_check_v0.1\td_check_v0.1.sdk\td_check\src" -I"D:\206\temp\1553_rt_v0329_0089\prj\td_check_v0.1\td_check_v0.1.sdk\td_check\src\mylib\include" -c -fmessage-length=0 -MT"src/platform.o" -mcpu=cortex-a9 -mfpu=vfpv3 -mfloat-abi=hard -I../../td_check_bsp/ps7_cortexa9_0/include -MMD -MP -MF"src/platform.d" -MT"src/platform.o" -o "src/platform.o" "../src/platform.c"
In file included from ../../td_check_bsp/ps7_cortexa9_0/include/xscutimer.h:112:0,
                 from ../src/timerInit.h:11,
                 from ../src/platform.c:35:
../src/platform.c: In function 'init_platform':
../../td_check_bsp/ps7_cortexa9_0/include/xstatus.h:61:41: warning: 'return' with a value, in function returning void
 #define XST_FAILURE                     1L
                                         ^
../src/platform.c:112:16: note: in expansion of macro 'XST_FAILURE'
         return XST_FAILURE;
                ^~~~~~~~~~~
../src/platform.c:93:1: note: declared here
 init_platform()
 ^~~~~~~~~~~~~
'Finished building: ../src/platform.c'
' '
'Building file: ../src/timerInit.c'
'Invoking: ARM v7 gcc compiler'
arm-none-eabi-gcc -Wall -O0 -g3 -I../../td_check_bsp/ps7_cortexa9_0/include -I"D:\206\temp\1553_rt_v0329_0089\prj\td_check_v0.1\td_check_v0.1.sdk\td_check\src" -I"D:\206\temp\1553_rt_v0329_0089\prj\td_check_v0.1\td_check_v0.1.sdk\td_check\src\mylib\include" -c -fmessage-length=0 -MT"src/timerInit.o" -mcpu=cortex-a9 -mfpu=vfpv3 -mfloat-abi=hard -I../../td_check_bsp/ps7_cortexa9_0/include -MMD -MP -MF"src/timerInit.d" -MT"src/timerInit.o" -o "src/timerInit.o" "../src/timerInit.c"
'Finished building: ../src/timerInit.c'
' '
'Building file: ../src/uart.c'
'Invoking: ARM v7 gcc compiler'
arm-none-eabi-gcc -Wall -O0 -g3 -I../../td_check_bsp/ps7_cortexa9_0/include -I"D:\206\temp\1553_rt_v0329_0089\prj\td_check_v0.1\td_check_v0.1.sdk\td_check\src" -I"D:\206\temp\1553_rt_v0329_0089\prj\td_check_v0.1\td_check_v0.1.sdk\td_check\src\mylib\include" -c -fmessage-length=0 -MT"src/uart.o" -mcpu=cortex-a9 -mfpu=vfpv3 -mfloat-abi=hard -I../../td_check_bsp/ps7_cortexa9_0/include -MMD -MP -MF"src/uart.d" -MT"src/uart.o" -o "src/uart.o" "../src/uart.c"
'Finished building: ../src/uart.c'
' '
'Building target: td_check.elf'
'Invoking: ARM v7 gcc linker'
arm-none-eabi-gcc -L"D:\206\temp\1553_rt_v0329_0089\prj\td_check_v0.1\td_check_v0.1.sdk\td_check\src\mylib\src" -mcpu=cortex-a9 -mfpu=vfpv3 -mfloat-abi=hard -Wl,-build-id=none -specs=Xilinx.spec -Wl,-T -Wl,../src/lscript.ld -L../../td_check_bsp/ps7_cortexa9_0/lib -o "td_check.elf"  ./src/common.o ./src/fc1553.o ./src/irqconfig.o ./src/ls1553.o ./src/main.o ./src/platform.o ./src/timerInit.o ./src/uart.o   -ldrvFC1553 -Wl,--start-group,-lxil,-lgcc,-lc,--end-group -Wl,--start-group,-lxilffs,-lxil,-lgcc,-lc,--end-group
c:/xilinx/sdk/2018.3/gnu/aarch32/nt/gcc-arm-none-eabi/bin/../lib/gcc/arm-none-eabi/7.3.1/../../../../arm-none-eabi/bin/ld.exe: warning: D:\206\temp\1553_rt_v0329_0089\prj\td_check_v0.1\td_check_v0.1.sdk\td_check\src\mylib\src\libdrvFC1553.a(drvFC1553.o) uses 32-bit enums yet the output is to use variable-size enums; use of enum values across objects may fail
c:/xilinx/sdk/2018.3/gnu/aarch32/nt/gcc-arm-none-eabi/bin/../lib/gcc/arm-none-eabi/7.3.1/../../../../arm-none-eabi/bin/ld.exe: warning: D:\206\temp\1553_rt_v0329_0089\prj\td_check_v0.1\td_check_v0.1.sdk\td_check\src\mylib\src\libdrvFC1553.a(drvFcNt.o) uses 32-bit enums yet the output is to use variable-size enums; use of enum values across objects may fail
c:/xilinx/sdk/2018.3/gnu/aarch32/nt/gcc-arm-none-eabi/bin/../lib/gcc/arm-none-eabi/7.3.1/../../../../arm-none-eabi/bin/ld.exe: warning: D:\206\temp\1553_rt_v0329_0089\prj\td_check_v0.1\td_check_v0.1.sdk\td_check\src\mylib\src\libdrvFC1553.a(drvSP.o) uses 32-bit enums yet the output is to use variable-size enums; use of enum values across objects may fail
c:/xilinx/sdk/2018.3/gnu/aarch32/nt/gcc-arm-none-eabi/bin/../lib/gcc/arm-none-eabi/7.3.1/../../../../arm-none-eabi/bin/ld.exe: warning: D:\206\temp\1553_rt_v0329_0089\prj\td_check_v0.1\td_check_v0.1.sdk\td_check\src\mylib\src\libdrvFC1553.a(drvAxi.o) uses 32-bit enums yet the output is to use variable-size enums; use of enum values across objects may fail
'Finished building target: td_check.elf'
' '
'Invoking: ARM v7 Print Size'
arm-none-eabi-size td_check.elf  |tee "td_check.elf.size"
   text	   data	    bss	    dec	    hex	filename
 111740	   3416	 164496	 279652	  44464	td_check.elf
'Finished building: td_check.elf.size'
' '
02:28:59 **** Incremental Build of configuration Debug for project td_check ****
make pre-build main-build 
a9-linaro-pre-build-step
' '
make: Nothing to be done for 'main-build'.
02:29:24 **** Incremental Build of configuration Debug for project td_check ****
make pre-build main-build 
a9-linaro-pre-build-step
' '
make: Nothing to be done for 'main-build'.
02:29:47 **** Incremental Build of configuration Debug for project td_check ****
make pre-build main-build 
a9-linaro-pre-build-step
' '
make: Nothing to be done for 'main-build'.
02:30:43 **** Incremental Build of configuration Debug for project td_check ****
make pre-build main-build 
a9-linaro-pre-build-step
' '
make: Nothing to be done for 'main-build'.
02:30:45 **** Incremental Build of configuration Debug for project td_check ****
make pre-build main-build 
a9-linaro-pre-build-step
' '
make: Nothing to be done for 'main-build'.
02:30:49 **** Incremental Build of configuration Debug for project td_check ****
make pre-build main-build 
a9-linaro-pre-build-step
' '
make: Nothing to be done for 'main-build'.
02:32:02 **** Incremental Build of configuration Debug for project td_check ****
make pre-build main-build 
a9-linaro-pre-build-step
' '
make: Nothing to be done for 'main-build'.
02:33:55 **** Incremental Build of configuration Debug for project td_check ****
make pre-build main-build 
a9-linaro-pre-build-step
' '
make: Nothing to be done for 'main-build'.
02:35:25 **** Incremental Build of configuration Debug for project td_check ****
make pre-build main-build 
a9-linaro-pre-build-step
' '
make: Nothing to be done for 'main-build'.
02:38:33 **** Auto Build of configuration Debug for project td_check ****
make pre-build main-build 
a9-linaro-pre-build-step
' '
make: Nothing to be done for 'main-build'.
02:39:02 **** Incremental Build of configuration Debug for project td_check ****
make pre-build main-build 
a9-linaro-pre-build-step
' '
make: Nothing to be done for 'main-build'.
02:39:28 **** Incremental Build of configuration Debug for project td_check ****
make pre-build main-build 
a9-linaro-pre-build-step
' '
make: Nothing to be done for 'main-build'.
02:45:23 **** Auto Build of configuration Debug for project td_check ****
make pre-build main-build 
a9-linaro-pre-build-step
' '
make: Nothing to be done for 'main-build'.
02:45:44 **** Incremental Build of configuration Debug for project td_check ****
make pre-build main-build 
a9-linaro-pre-build-step
' '
make: Nothing to be done for 'main-build'.
02:47:44 **** Incremental Build of configuration Debug for project td_check ****
make pre-build main-build 
a9-linaro-pre-build-step
' '
make: Nothing to be done for 'main-build'.
02:48:27 **** Incremental Build of configuration Debug for project td_check ****
make pre-build main-build 
a9-linaro-pre-build-step
' '
make: Nothing to be done for 'main-build'.
02:49:05 **** Incremental Build of configuration Debug for project td_check ****
make pre-build main-build 
a9-linaro-pre-build-step
' '
make: Nothing to be done for 'main-build'.
03:09:34 **** Incremental Build of configuration Debug for project td_check ****
make pre-build main-build 
a9-linaro-pre-build-step
' '
make: Nothing to be done for 'main-build'.
03:09:49 **** Incremental Build of configuration Debug for project td_check ****
make pre-build main-build 
a9-linaro-pre-build-step
' '
make: Nothing to be done for 'main-build'.
03:11:38 **** Incremental Build of configuration Debug for project td_check ****
make pre-build main-build 
a9-linaro-pre-build-step
' '
make: Nothing to be done for 'main-build'.
03:12:29 **** Incremental Build of configuration Debug for project td_check ****
make pre-build main-build 
a9-linaro-pre-build-step
' '
make: Nothing to be done for 'main-build'.
03:13:26 **** Incremental Build of configuration Debug for project td_check ****
make pre-build main-build 
a9-linaro-pre-build-step
' '
make: Nothing to be done for 'main-build'.
03:18:18 **** Auto Build of configuration Debug for project td_check ****
make pre-build main-build 
a9-linaro-pre-build-step
' '
'Building file: ../src/fc1553.c'
'Invoking: ARM v7 gcc compiler'
arm-none-eabi-gcc -Wall -O0 -g3 -I../../td_check_bsp/ps7_cortexa9_0/include -I"D:\206\temp\1553_rt_v0329_0089\prj\td_check_v0.1\td_check_v0.1.sdk\td_check\src" -I"D:\206\temp\1553_rt_v0329_0089\prj\td_check_v0.1\td_check_v0.1.sdk\td_check\src\mylib\include" -c -fmessage-length=0 -MT"src/fc1553.o" -mcpu=cortex-a9 -mfpu=vfpv3 -mfloat-abi=hard -MMD -MP -MF"src/fc1553.d" -MT"src/fc1553.o" -o "src/fc1553.o" "../src/fc1553.c"
'Finished building: ../src/fc1553.c'
' '
'Building file: ../src/main.c'
'Invoking: ARM v7 gcc compiler'
arm-none-eabi-gcc -Wall -O0 -g3 -I../../td_check_bsp/ps7_cortexa9_0/include -I"D:\206\temp\1553_rt_v0329_0089\prj\td_check_v0.1\td_check_v0.1.sdk\td_check\src" -I"D:\206\temp\1553_rt_v0329_0089\prj\td_check_v0.1\td_check_v0.1.sdk\td_check\src\mylib\include" -c -fmessage-length=0 -MT"src/main.o" -mcpu=cortex-a9 -mfpu=vfpv3 -mfloat-abi=hard -MMD -MP -MF"src/main.d" -MT"src/main.o" -o "src/main.o" "../src/main.c"
'Finished building: ../src/main.c'
' '
'Building target: td_check.elf'
'Invoking: ARM v7 gcc linker'
arm-none-eabi-gcc -L"D:\206\temp\1553_rt_v0329_0089\prj\td_check_v0.1\td_check_v0.1.sdk\td_check\src\mylib\src" -mcpu=cortex-a9 -mfpu=vfpv3 -mfloat-abi=hard -Wl,-build-id=none -specs=Xilinx.spec -Wl,-T -Wl,../src/lscript.ld -L../../td_check_bsp/ps7_cortexa9_0/lib -o "td_check.elf"  ./src/common.o ./src/fc1553.o ./src/irqconfig.o ./src/ls1553.o ./src/main.o ./src/platform.o ./src/timerInit.o ./src/uart.o   -ldrvFC1553 -Wl,--start-group,-lxil,-lgcc,-lc,--end-group -Wl,--start-group,-lxilffs,-lxil,-lgcc,-lc,--end-group
c:/xilinx/sdk/2018.3/gnu/aarch32/nt/gcc-arm-none-eabi/bin/../lib/gcc/arm-none-eabi/7.3.1/../../../../arm-none-eabi/bin/ld.exe: warning: D:\206\temp\1553_rt_v0329_0089\prj\td_check_v0.1\td_check_v0.1.sdk\td_check\src\mylib\src\libdrvFC1553.a(drvFC1553.o) uses 32-bit enums yet the output is to use variable-size enums; use of enum values across objects may fail
[...]
c:/xilinx/sdk/2018.3/gnu/aarch32/nt/gcc-arm-none-eabi/bin/../lib/gcc/arm-none-eabi/7.3.1/../../../../arm-none-eabi/bin/ld.exe: warning: D:\WorkFile\206Proj_20230105\1553_rt_v0331_0089_night_ok\prj\td_check_v0.1\td_check_v0.1.sdk\td_check\src\fc1553lib\libdrvFC1553.a(drvSP.o) uses 32-bit enums yet the output is to use variable-size enums; use of enum values across objects may fail
c:/xilinx/sdk/2018.3/gnu/aarch32/nt/gcc-arm-none-eabi/bin/../lib/gcc/arm-none-eabi/7.3.1/../../../../arm-none-eabi/bin/ld.exe: warning: D:\WorkFile\206Proj_20230105\1553_rt_v0331_0089_night_ok\prj\td_check_v0.1\td_check_v0.1.sdk\td_check\src\fc1553lib\libdrvFC1553.a(drvAxi.o) uses 32-bit enums yet the output is to use variable-size enums; use of enum values across objects may fail
'Finished building target: td_check.elf'
' '
'Invoking: ARM v7 Print Size'
arm-none-eabi-size td_check.elf  |tee "td_check.elf.size"
   text	   data	    bss	    dec	    hex	filename
 114540	   3416	 164496	 282452	  44f54	td_check.elf
'Finished building: td_check.elf.size'
' '
16:02:47 **** Incremental Build of configuration Debug for project td_check ****
make pre-build main-build 
a9-linaro-pre-build-step
' '
make: Nothing to be done for 'main-build'.
16:04:39 **** Auto Build of configuration Debug for project td_check ****
make pre-build main-build 
a9-linaro-pre-build-step
' '
'Building file: ../src/uart.c'
'Invoking: ARM v7 gcc compiler'
arm-none-eabi-gcc -Wall -O0 -g3 -I../../td_check_bsp/ps7_cortexa9_0/include -I"D:\WorkFile\206Proj_20230105\1553_rt_v0331_0089_night_ok\prj\td_check_v0.1\td_check_v0.1.sdk\td_check\src" -I"D:\WorkFile\206Proj_20230105\1553_rt_v0331_0089_night_ok\prj\td_check_v0.1\td_check_v0.1.sdk\td_check\src\fc1553lib" -c -fmessage-length=0 -MT"src/uart.o" -mcpu=cortex-a9 -mfpu=vfpv3 -mfloat-abi=hard -MMD -MP -MF"src/uart.d" -MT"src/uart.o" -o "src/uart.o" "../src/uart.c"
'Finished building: ../src/uart.c'
' '
'Building target: td_check.elf'
'Invoking: ARM v7 gcc linker'
arm-none-eabi-gcc -L"D:\WorkFile\206Proj_20230105\1553_rt_v0331_0089_night_ok\prj\td_check_v0.1\td_check_v0.1.sdk\td_check\src\fc1553lib" -mcpu=cortex-a9 -mfpu=vfpv3 -mfloat-abi=hard -Wl,-build-id=none -specs=Xilinx.spec -Wl,-T -Wl,../src/lscript.ld -L../../td_check_bsp/ps7_cortexa9_0/lib -o "td_check.elf"  ./src/common.o ./src/fc1553.o ./src/irqprocess.o ./src/ls1553.o ./src/main.o ./src/platform.o ./src/timerInit.o ./src/uart.o   -ldrvFC1553 -Wl,--start-group,-lxil,-lgcc,-lc,--end-group
c:/xilinx/sdk/2018.3/gnu/aarch32/nt/gcc-arm-none-eabi/bin/../lib/gcc/arm-none-eabi/7.3.1/../../../../arm-none-eabi/bin/ld.exe: warning: D:\WorkFile\206Proj_20230105\1553_rt_v0331_0089_night_ok\prj\td_check_v0.1\td_check_v0.1.sdk\td_check\src\fc1553lib\libdrvFC1553.a(drvFC1553.o) uses 32-bit enums yet the output is to use variable-size enums; use of enum values across objects may fail
c:/xilinx/sdk/2018.3/gnu/aarch32/nt/gcc-arm-none-eabi/bin/../lib/gcc/arm-none-eabi/7.3.1/../../../../arm-none-eabi/bin/ld.exe: warning: D:\WorkFile\206Proj_20230105\1553_rt_v0331_0089_night_ok\prj\td_check_v0.1\td_check_v0.1.sdk\td_check\src\fc1553lib\libdrvFC1553.a(drvFcNt.o) uses 32-bit enums yet the output is to use variable-size enums; use of enum values across objects may fail
c:/xilinx/sdk/2018.3/gnu/aarch32/nt/gcc-arm-none-eabi/bin/../lib/gcc/arm-none-eabi/7.3.1/../../../../arm-none-eabi/bin/ld.exe: warning: D:\WorkFile\206Proj_20230105\1553_rt_v0331_0089_night_ok\prj\td_check_v0.1\td_check_v0.1.sdk\td_check\src\fc1553lib\libdrvFC1553.a(drvSP.o) uses 32-bit enums yet the output is to use variable-size enums; use of enum values across objects may fail
c:/xilinx/sdk/2018.3/gnu/aarch32/nt/gcc-arm-none-eabi/bin/../lib/gcc/arm-none-eabi/7.3.1/../../../../arm-none-eabi/bin/ld.exe: warning: D:\WorkFile\206Proj_20230105\1553_rt_v0331_0089_night_ok\prj\td_check_v0.1\td_check_v0.1.sdk\td_check\src\fc1553lib\libdrvFC1553.a(drvAxi.o) uses 32-bit enums yet the output is to use variable-size enums; use of enum values across objects may fail
'Finished building target: td_check.elf'
' '
'Invoking: ARM v7 Print Size'
arm-none-eabi-size td_check.elf  |tee "td_check.elf.size"
   text	   data	    bss	    dec	    hex	filename
 114540	   3416	 164496	 282452	  44f54	td_check.elf
'Finished building: td_check.elf.size'
' '
16:04:49 **** Incremental Build of configuration Debug for project td_check ****
make pre-build main-build 
a9-linaro-pre-build-step
' '
make: Nothing to be done for 'main-build'.
16:06:17 **** Auto Build of configuration Debug for project td_check ****
make pre-build main-build 
a9-linaro-pre-build-step
' '
'Building file: ../src/uart.c'
'Invoking: ARM v7 gcc compiler'
arm-none-eabi-gcc -Wall -O0 -g3 -I../../td_check_bsp/ps7_cortexa9_0/include -I"D:\WorkFile\206Proj_20230105\1553_rt_v0331_0089_night_ok\prj\td_check_v0.1\td_check_v0.1.sdk\td_check\src" -I"D:\WorkFile\206Proj_20230105\1553_rt_v0331_0089_night_ok\prj\td_check_v0.1\td_check_v0.1.sdk\td_check\src\fc1553lib" -c -fmessage-length=0 -MT"src/uart.o" -mcpu=cortex-a9 -mfpu=vfpv3 -mfloat-abi=hard -MMD -MP -MF"src/uart.d" -MT"src/uart.o" -o "src/uart.o" "../src/uart.c"
'Finished building: ../src/uart.c'
' '
'Building target: td_check.elf'
'Invoking: ARM v7 gcc linker'
arm-none-eabi-gcc -L"D:\WorkFile\206Proj_20230105\1553_rt_v0331_0089_night_ok\prj\td_check_v0.1\td_check_v0.1.sdk\td_check\src\fc1553lib" -mcpu=cortex-a9 -mfpu=vfpv3 -mfloat-abi=hard -Wl,-build-id=none -specs=Xilinx.spec -Wl,-T -Wl,../src/lscript.ld -L../../td_check_bsp/ps7_cortexa9_0/lib -o "td_check.elf"  ./src/common.o ./src/fc1553.o ./src/irqprocess.o ./src/ls1553.o ./src/main.o ./src/platform.o ./src/timerInit.o ./src/uart.o   -ldrvFC1553 -Wl,--start-group,-lxil,-lgcc,-lc,--end-group
c:/xilinx/sdk/2018.3/gnu/aarch32/nt/gcc-arm-none-eabi/bin/../lib/gcc/arm-none-eabi/7.3.1/../../../../arm-none-eabi/bin/ld.exe: warning: D:\WorkFile\206Proj_20230105\1553_rt_v0331_0089_night_ok\prj\td_check_v0.1\td_check_v0.1.sdk\td_check\src\fc1553lib\libdrvFC1553.a(drvFC1553.o) uses 32-bit enums yet the output is to use variable-size enums; use of enum values across objects may fail
c:/xilinx/sdk/2018.3/gnu/aarch32/nt/gcc-arm-none-eabi/bin/../lib/gcc/arm-none-eabi/7.3.1/../../../../arm-none-eabi/bin/ld.exe: warning: D:\WorkFile\206Proj_20230105\1553_rt_v0331_0089_night_ok\prj\td_check_v0.1\td_check_v0.1.sdk\td_check\src\fc1553lib\libdrvFC1553.a(drvFcNt.o) uses 32-bit enums yet the output is to use variable-size enums; use of enum values across objects may fail
c:/xilinx/sdk/2018.3/gnu/aarch32/nt/gcc-arm-none-eabi/bin/../lib/gcc/arm-none-eabi/7.3.1/../../../../arm-none-eabi/bin/ld.exe: warning: D:\WorkFile\206Proj_20230105\1553_rt_v0331_0089_night_ok\prj\td_check_v0.1\td_check_v0.1.sdk\td_check\src\fc1553lib\libdrvFC1553.a(drvSP.o) uses 32-bit enums yet the output is to use variable-size enums; use of enum values across objects may fail
c:/xilinx/sdk/2018.3/gnu/aarch32/nt/gcc-arm-none-eabi/bin/../lib/gcc/arm-none-eabi/7.3.1/../../../../arm-none-eabi/bin/ld.exe: warning: D:\WorkFile\206Proj_20230105\1553_rt_v0331_0089_night_ok\prj\td_check_v0.1\td_check_v0.1.sdk\td_check\src\fc1553lib\libdrvFC1553.a(drvAxi.o) uses 32-bit enums yet the output is to use variable-size enums; use of enum values across objects may fail
'Finished building target: td_check.elf'
' '
'Invoking: ARM v7 Print Size'
arm-none-eabi-size td_check.elf  |tee "td_check.elf.size"
   text	   data	    bss	    dec	    hex	filename
 114472	   3416	 164496	 282384	  44f10	td_check.elf
'Finished building: td_check.elf.size'
' '
16:11:29 **** Auto Build of configuration Debug for project td_check ****
make pre-build main-build 
a9-linaro-pre-build-step
' '
'Building file: ../src/fc1553.c'
'Invoking: ARM v7 gcc compiler'
arm-none-eabi-gcc -Wall -O0 -g3 -I../../td_check_bsp/ps7_cortexa9_0/include -I"D:\WorkFile\206Proj_20230105\1553_rt_v0331_0089_night_ok\prj\td_check_v0.1\td_check_v0.1.sdk\td_check\src" -I"D:\WorkFile\206Proj_20230105\1553_rt_v0331_0089_night_ok\prj\td_check_v0.1\td_check_v0.1.sdk\td_check\src\fc1553lib" -c -fmessage-length=0 -MT"src/fc1553.o" -mcpu=cortex-a9 -mfpu=vfpv3 -mfloat-abi=hard -MMD -MP -MF"src/fc1553.d" -MT"src/fc1553.o" -o "src/fc1553.o" "../src/fc1553.c"
'Finished building: ../src/fc1553.c'
' '
'Building file: ../src/irqprocess.c'
'Invoking: ARM v7 gcc compiler'
arm-none-eabi-gcc -Wall -O0 -g3 -I../../td_check_bsp/ps7_cortexa9_0/include -I"D:\WorkFile\206Proj_20230105\1553_rt_v0331_0089_night_ok\prj\td_check_v0.1\td_check_v0.1.sdk\td_check\src" -I"D:\WorkFile\206Proj_20230105\1553_rt_v0331_0089_night_ok\prj\td_check_v0.1\td_check_v0.1.sdk\td_check\src\fc1553lib" -c -fmessage-length=0 -MT"src/irqprocess.o" -mcpu=cortex-a9 -mfpu=vfpv3 -mfloat-abi=hard -MMD -MP -MF"src/irqprocess.d" -MT"src/irqprocess.o" -o "src/irqprocess.o" "../src/irqprocess.c"
'Finished building: ../src/irqprocess.c'
' '
'Building file: ../src/main.c'
'Invoking: ARM v7 gcc compiler'
arm-none-eabi-gcc -Wall -O0 -g3 -I../../td_check_bsp/ps7_cortexa9_0/include -I"D:\WorkFile\206Proj_20230105\1553_rt_v0331_0089_night_ok\prj\td_check_v0.1\td_check_v0.1.sdk\td_check\src" -I"D:\WorkFile\206Proj_20230105\1553_rt_v0331_0089_night_ok\prj\td_check_v0.1\td_check_v0.1.sdk\td_check\src\fc1553lib" -c -fmessage-length=0 -MT"src/main.o" -mcpu=cortex-a9 -mfpu=vfpv3 -mfloat-abi=hard -MMD -MP -MF"src/main.d" -MT"src/main.o" -o "src/main.o" "../src/main.c"
'Finished building: ../src/main.c'
' '
'Building file: ../src/platform.c'
'Invoking: ARM v7 gcc compiler'
arm-none-eabi-gcc -Wall -O0 -g3 -I../../td_check_bsp/ps7_cortexa9_0/include -I"D:\WorkFile\206Proj_20230105\1553_rt_v0331_0089_night_ok\prj\td_check_v0.1\td_check_v0.1.sdk\td_check\src" -I"D:\WorkFile\206Proj_20230105\1553_rt_v0331_0089_night_ok\prj\td_check_v0.1\td_check_v0.1.sdk\td_check\src\fc1553lib" -c -fmessage-length=0 -MT"src/platform.o" -mcpu=cortex-a9 -mfpu=vfpv3 -mfloat-abi=hard -MMD -MP -MF"src/platform.d" -MT"src/platform.o" -o "src/platform.o" "../src/platform.c"
In file included from ../../td_check_bsp/ps7_cortexa9_0/include/xscutimer.h:112:0,
                 from D:\WorkFile\206Proj_20230105\1553_rt_v0331_0089_night_ok\prj\td_check_v0.1\td_check_v0.1.sdk\td_check\src/irqprocess.h:11,
                 from ../src/platform.c:33:
../src/platform.c: In function 'init_platform':
../../td_check_bsp/ps7_cortexa9_0/include/xstatus.h:61:41: warning: 'return' with a value, in function returning void
 #define XST_FAILURE                     1L
                                         ^
../src/platform.c:113:16: note: in expansion of macro 'XST_FAILURE'
         return XST_FAILURE;
                ^~~~~~~~~~~
../src/platform.c:94:1: note: declared here
 init_platform()
 ^~~~~~~~~~~~~
'Finished building: ../src/platform.c'
' '
'Building file: ../src/uart.c'
'Invoking: ARM v7 gcc compiler'
arm-none-eabi-gcc -Wall -O0 -g3 -I../../td_check_bsp/ps7_cortexa9_0/include -I"D:\WorkFile\206Proj_20230105\1553_rt_v0331_0089_night_ok\prj\td_check_v0.1\td_check_v0.1.sdk\td_check\src" -I"D:\WorkFile\206Proj_20230105\1553_rt_v0331_0089_night_ok\prj\td_check_v0.1\td_check_v0.1.sdk\td_check\src\fc1553lib" -c -fmessage-length=0 -MT"src/uart.o" -mcpu=cortex-a9 -mfpu=vfpv3 -mfloat-abi=hard -MMD -MP -MF"src/uart.d" -MT"src/uart.o" -o "src/uart.o" "../src/uart.c"
'Finished building: ../src/uart.c'
' '
'Building target: td_check.elf'
'Invoking: ARM v7 gcc linker'
arm-none-eabi-gcc -L"D:\WorkFile\206Proj_20230105\1553_rt_v0331_0089_night_ok\prj\td_check_v0.1\td_check_v0.1.sdk\td_check\src\fc1553lib" -mcpu=cortex-a9 -mfpu=vfpv3 -mfloat-abi=hard -Wl,-build-id=none -specs=Xilinx.spec -Wl,-T -Wl,../src/lscript.ld -L../../td_check_bsp/ps7_cortexa9_0/lib -o "td_check.elf"  ./src/common.o ./src/fc1553.o ./src/irqprocess.o ./src/ls1553.o ./src/main.o ./src/platform.o ./src/timerInit.o ./src/uart.o   -ldrvFC1553 -Wl,--start-group,-lxil,-lgcc,-lc,--end-group
c:/xilinx/sdk/2018.3/gnu/aarch32/nt/gcc-arm-none-eabi/bin/../lib/gcc/arm-none-eabi/7.3.1/../../../../arm-none-eabi/bin/ld.exe: warning: D:\WorkFile\206Proj_20230105\1553_rt_v0331_0089_night_ok\prj\td_check_v0.1\td_check_v0.1.sdk\td_check\src\fc1553lib\libdrvFC1553.a(drvFC1553.o) uses 32-bit enums yet the output is to use variable-size enums; use of enum values across objects may fail
c:/xilinx/sdk/2018.3/gnu/aarch32/nt/gcc-arm-none-eabi/bin/../lib/gcc/arm-none-eabi/7.3.1/../../../../arm-none-eabi/bin/ld.exe: warning: D:\WorkFile\206Proj_20230105\1553_rt_v0331_0089_night_ok\prj\td_check_v0.1\td_check_v0.1.sdk\td_check\src\fc1553lib\libdrvFC1553.a(drvFcNt.o) uses 32-bit enums yet the output is to use variable-size enums; use of enum values across objects may fail
c:/xilinx/sdk/2018.3/gnu/aarch32/nt/gcc-arm-none-eabi/bin/../lib/gcc/arm-none-eabi/7.3.1/../../../../arm-none-eabi/bin/ld.exe: warning: D:\WorkFile\206Proj_20230105\1553_rt_v0331_0089_night_ok\prj\td_check_v0.1\td_check_v0.1.sdk\td_check\src\fc1553lib\libdrvFC1553.a(drvSP.o) uses 32-bit enums yet the output is to use variable-size enums; use of enum values across objects may fail
c:/xilinx/sdk/2018.3/gnu/aarch32/nt/gcc-arm-none-eabi/bin/../lib/gcc/arm-none-eabi/7.3.1/../../../../arm-none-eabi/bin/ld.exe: warning: D:\WorkFile\206Proj_20230105\1553_rt_v0331_0089_night_ok\prj\td_check_v0.1\td_check_v0.1.sdk\td_check\src\fc1553lib\libdrvFC1553.a(drvAxi.o) uses 32-bit enums yet the output is to use variable-size enums; use of enum values across objects may fail
'Finished building target: td_check.elf'
' '
'Invoking: ARM v7 Print Size'
arm-none-eabi-size td_check.elf  |tee "td_check.elf.size"
   text	   data	    bss	    dec	    hex	filename
 114472	   3416	 160400	 278288	  43f10	td_check.elf
'Finished building: td_check.elf.size'
' '
16:11:43 **** Incremental Build of configuration Debug for project td_check ****
make pre-build main-build 
a9-linaro-pre-build-step
' '
make: Nothing to be done for 'main-build'.
16:11:44 **** Incremental Build of configuration Debug for project FSBL ****
make pre-build main-build 
a9-linaro-pre-build-step
' '
'Building file: ../src/fsbl_hooks.c'
'Invoking: ARM v7 gcc compiler'
arm-none-eabi-gcc -Wall -O0 -g3 -I"D:\WorkFile\206Proj_20230105\1553_rt_v0331_0089_night_ok\prj\td_check_v0.1\td_check_v0.1.sdk\bd_top_wrapper_hw_platform_0" -c -fmessage-length=0 -MT"src/fsbl_hooks.o" -mcpu=cortex-a9 -mfpu=vfpv3 -mfloat-abi=hard -I../../td_check_bsp/ps7_cortexa9_0/include -MMD -MP -MF"src/fsbl_hooks.d" -MT"src/fsbl_hooks.o" -o "src/fsbl_hooks.o" "../src/fsbl_hooks.c"
'Finished building: ../src/fsbl_hooks.c'
' '
'Building file: ../src/image_mover.c'
'Invoking: ARM v7 gcc compiler'
arm-none-eabi-gcc -Wall -O0 -g3 -I"D:\WorkFile\206Proj_20230105\1553_rt_v0331_0089_night_ok\prj\td_check_v0.1\td_check_v0.1.sdk\bd_top_wrapper_hw_platform_0" -c -fmessage-length=0 -MT"src/image_mover.o" -mcpu=cortex-a9 -mfpu=vfpv3 -mfloat-abi=hard -I../../td_check_bsp/ps7_cortexa9_0/include -MMD -MP -MF"src/image_mover.d" -MT"src/image_mover.o" -o "src/image_mover.o" "../src/image_mover.c"
'Finished building: ../src/image_mover.c'
' '
'Building file: ../src/main.c'
'Invoking: ARM v7 gcc compiler'
arm-none-eabi-gcc -Wall -O0 -g3 -I"D:\WorkFile\206Proj_20230105\1553_rt_v0331_0089_night_ok\prj\td_check_v0.1\td_check_v0.1.sdk\bd_top_wrapper_hw_platform_0" -c -fmessage-length=0 -MT"src/main.o" -mcpu=cortex-a9 -mfpu=vfpv3 -mfloat-abi=hard -I../../td_check_bsp/ps7_cortexa9_0/include -MMD -MP -MF"src/main.d" -MT"src/main.o" -o "src/main.o" "../src/main.c"
In file included from ../src/main.c:137:0:
../../td_check_bsp/ps7_cortexa9_0/include/xtime_l.h:87:9: note: #pragma message: For the sleep routines, Global timer is being used
 #pragma message ("For the sleep routines, Global timer is being used")
         ^~~~~~~
'Finished building: ../src/main.c'
' '
'Building file: ../src/nand.c'
'Invoking: ARM v7 gcc compiler'
arm-none-eabi-gcc -Wall -O0 -g3 -I"D:\WorkFile\206Proj_20230105\1553_rt_v0331_0089_night_ok\prj\td_check_v0.1\td_check_v0.1.sdk\bd_top_wrapper_hw_platform_0" -c -fmessage-length=0 -MT"src/nand.o" -mcpu=cortex-a9 -mfpu=vfpv3 -mfloat-abi=hard -I../../td_check_bsp/ps7_cortexa9_0/include -MMD -MP -MF"src/nand.d" -MT"src/nand.o" -o "src/nand.o" "../src/nand.c"
'Finished building: ../src/nand.c'
' '
'Building file: ../src/nor.c'
'Invoking: ARM v7 gcc compiler'
arm-none-eabi-gcc -Wall -O0 -g3 -I"D:\WorkFile\206Proj_20230105\1553_rt_v0331_0089_night_ok\prj\td_check_v0.1\td_check_v0.1.sdk\bd_top_wrapper_hw_platform_0" -c -fmessage-length=0 -MT"src/nor.o" -mcpu=cortex-a9 -mfpu=vfpv3 -mfloat-abi=hard -I../../td_check_bsp/ps7_cortexa9_0/include -MMD -MP -MF"src/nor.d" -MT"src/nor.o" -o "src/nor.o" "../src/nor.c"
'Finished building: ../src/nor.c'
' '
'Building file: ../src/pcap.c'
'Invoking: ARM v7 gcc compiler'
arm-none-eabi-gcc -Wall -O0 -g3 -I"D:\WorkFile\206Proj_20230105\1553_rt_v0331_0089_night_ok\prj\td_check_v0.1\td_check_v0.1.sdk\bd_top_wrapper_hw_platform_0" -c -fmessage-length=0 -MT"src/pcap.o" -mcpu=cortex-a9 -mfpu=vfpv3 -mfloat-abi=hard -I../../td_check_bsp/ps7_cortexa9_0/include -MMD -MP -MF"src/pcap.d" -MT"src/pcap.o" -o "src/pcap.o" "../src/pcap.c"
In file included from ../src/pcap.c:100:0:
../../td_check_bsp/ps7_cortexa9_0/include/xtime_l.h:87:9: note: #pragma message: For the sleep routines, Global timer is being used
 #pragma message ("For the sleep routines, Global timer is being used")
         ^~~~~~~
'Finished building: ../src/pcap.c'
' '
'Building file: D:/WorkFile/206Proj_20230105/1553_rt_v0331_0089_night_ok/prj/td_check_v0.1/td_check_v0.1.sdk/bd_top_wrapper_hw_platform_0/ps7_init.c'
'Invoking: ARM v7 gcc compiler'
arm-none-eabi-gcc -Wall -O0 -g3 -I"D:\WorkFile\206Proj_20230105\1553_rt_v0331_0089_night_ok\prj\td_check_v0.1\td_check_v0.1.sdk\bd_top_wrapper_hw_platform_0" -c -fmessage-length=0 -MT"src/ps7_init.o" -mcpu=cortex-a9 -mfpu=vfpv3 -mfloat-abi=hard -I../../td_check_bsp/ps7_cortexa9_0/include -MMD -MP -MF"src/ps7_init.d" -MT"src/ps7_init.o" -o "src/ps7_init.o" "D:/WorkFile/206Proj_20230105/1553_rt_v0331_0089_night_ok/prj/td_check_v0.1/td_check_v0.1.sdk/bd_top_wrapper_hw_platform_0/ps7_init.c"
'Finished building: D:/WorkFile/206Proj_20230105/1553_rt_v0331_0089_night_ok/prj/td_check_v0.1/td_check_v0.1.sdk/bd_top_wrapper_hw_platform_0/ps7_init.c'
' '
'Building file: ../src/qspi.c'
'Invoking: ARM v7 gcc compiler'
arm-none-eabi-gcc -Wall -O0 -g3 -I"D:\WorkFile\206Proj_20230105\1553_rt_v0331_0089_night_ok\prj\td_check_v0.1\td_check_v0.1.sdk\bd_top_wrapper_hw_platform_0" -c -fmessage-length=0 -MT"src/qspi.o" -mcpu=cortex-a9 -mfpu=vfpv3 -mfloat-abi=hard -I../../td_check_bsp/ps7_cortexa9_0/include -MMD -MP -MF"src/qspi.d" -MT"src/qspi.o" -o "src/qspi.o" "../src/qspi.c"
'Finished building: ../src/qspi.c'
' '
'Building file: ../src/sd.c'
'Invoking: ARM v7 gcc compiler'
arm-none-eabi-gcc -Wall -O0 -g3 -I"D:\WorkFile\206Proj_20230105\1553_rt_v0331_0089_night_ok\prj\td_check_v0.1\td_check_v0.1.sdk\bd_top_wrapper_hw_platform_0" -c -fmessage-length=0 -MT"src/sd.o" -mcpu=cortex-a9 -mfpu=vfpv3 -mfloat-abi=hard -I../../td_check_bsp/ps7_cortexa9_0/include -MMD -MP -MF"src/sd.d" -MT"src/sd.o" -o "src/sd.o" "../src/sd.c"
'Finished building: ../src/sd.c'
' '
'Building target: FSBL.elf'
'Invoking: ARM v7 gcc linker'
arm-none-eabi-gcc -mcpu=cortex-a9 -mfpu=vfpv3 -mfloat-abi=hard -Wl,-build-id=none -specs=Xilinx.spec -Wl,-T -Wl,../src/lscript.ld -L../../td_check_bsp/ps7_cortexa9_0/lib -o "FSBL.elf"  ./src/fsbl_handoff.o ./src/fsbl_hooks.o ./src/image_mover.o ./src/main.o ./src/md5.o ./src/nand.o ./src/nor.o ./src/pcap.o ./src/ps7_init.o ./src/qspi.o ./src/rsa.o ./src/sd.o   -Wl,--start-group,-lxil,-lgcc,-lc,--end-group -Wl,--start-group,-lxilffs,-lxil,-lgcc,-lc,--end-group
'Finished building target: FSBL.elf'
' '
'Invoking: ARM v7 Print Size'
arm-none-eabi-size FSBL.elf  |tee "FSBL.elf.size"
   text	   data	    bss	    dec	    hex	filename
  56428	   9016	  71816	 137260	  2182c	FSBL.elf
'Finished building: FSBL.elf.size'
' '
